[
  "Error creating Variation",
  "{\"statusCode\":400,\"response\":{\"code\":\"product_invalid_sku\",\"message\":\"Ungültige oder doppelte Artikelnummer.\",\"data\":{\"status\":400,\"resource_id\":2559,\"unique_sku\":\"1064000061-1\"}},\"endpoint\":\"products/5021/variations\",\"name\":\"WooCommerceApiError\"}",
  "Error creating Variation",
  "{\"statusCode\":400,\"response\":{\"code\":\"product_invalid_sku\",\"message\":\"Ungültige oder doppelte Artikelnummer.\",\"data\":{\"status\":400,\"resource_id\":2558,\"unique_sku\":\"1064000062-1\"}},\"endpoint\":\"products/5021/variations\",\"name\":\"WooCommerceApiError\"}",
  "Error creating Variation",
  "{\"statusCode\":400,\"response\":{\"code\":\"product_invalid_sku\",\"message\":\"Ungültige oder doppelte Artikelnummer.\",\"data\":{\"status\":400,\"resource_id\":2546,\"unique_sku\":\"1064000541-1\"}},\"endpoint\":\"products/5028/variations\",\"name\":\"WooCommerceApiError\"}",
  "Error creating Variation",
  "{\"statusCode\":400,\"response\":{\"code\":\"product_invalid_sku\",\"message\":\"Ungültige oder doppelte Artikelnummer.\",\"data\":{\"status\":400,\"resource_id\":2547,\"unique_sku\":\"1064000542-1\"}},\"endpoint\":\"products/5028/variations\",\"name\":\"WooCommerceApiError\"}",
  "Error creating Variation",
  "{\"statusCode\":400,\"response\":{\"code\":\"product_invalid_sku\",\"message\":\"Ungültige oder doppelte Artikelnummer.\",\"data\":{\"status\":400,\"resource_id\":2520,\"unique_sku\":\"1202201701-1\"}},\"endpoint\":\"products/5124/variations\",\"name\":\"WooCommerceApiError\"}",
  "Error creating Variation",
  "{\"statusCode\":400,\"response\":{\"code\":\"product_invalid_sku\",\"message\":\"Ungültige oder doppelte Artikelnummer.\",\"data\":{\"status\":400,\"resource_id\":2521,\"unique_sku\":\"1202201702-1\"}},\"endpoint\":\"products/5124/variations\",\"name\":\"WooCommerceApiError\"}",
  "Error creating Variation",
  "{\"statusCode\":400,\"response\":{\"code\":\"product_invalid_sku\",\"message\":\"Ungültige oder doppelte Artikelnummer.\",\"data\":{\"status\":400,\"resource_id\":2522,\"unique_sku\":\"1202201703-1\"}},\"endpoint\":\"products/5124/variations\",\"name\":\"WooCommerceApiError\"}",
  "Error creating Variation",
  "{\"statusCode\":400,\"response\":{\"code\":\"product_invalid_sku\",\"message\":\"Ungültige oder doppelte Artikelnummer.\",\"data\":{\"status\":400,\"resource_id\":2523,\"unique_sku\":\"1202201704-1\"}},\"endpoint\":\"products/5124/variations\",\"name\":\"WooCommerceApiError\"}",
  "Error creating Variation",
  "{\"statusCode\":400,\"response\":{\"code\":\"product_invalid_sku\",\"message\":\"Ungültige oder doppelte Artikelnummer.\",\"data\":{\"status\":400,\"resource_id\":2524,\"unique_sku\":\"1202201705-1\"}},\"endpoint\":\"products/5124/variations\",\"name\":\"WooCommerceApiError\"}",
  "Error creating Variation",
  "{\"statusCode\":400,\"response\":{\"code\":\"product_invalid_sku\",\"message\":\"Ungültige oder doppelte Artikelnummer.\",\"data\":{\"status\":400,\"resource_id\":2525,\"unique_sku\":\"1202201706-1\"}},\"endpoint\":\"products/5124/variations\",\"name\":\"WooCommerceApiError\"}",
  "Error creating Variation",
  "{\"statusCode\":400,\"response\":{\"code\":\"product_invalid_sku\",\"message\":\"Ungültige oder doppelte Artikelnummer.\",\"data\":{\"status\":400,\"resource_id\":2506,\"unique_sku\":\"1202201721-1\"}},\"endpoint\":\"products/5128/variations\",\"name\":\"WooCommerceApiError\"}",
  "Error creating Variation",
  "{\"statusCode\":400,\"response\":{\"code\":\"product_invalid_sku\",\"message\":\"Ungültige oder doppelte Artikelnummer.\",\"data\":{\"status\":400,\"resource_id\":2507,\"unique_sku\":\"1202201722-1\"}},\"endpoint\":\"products/5128/variations\",\"name\":\"WooCommerceApiError\"}",
  "Error creating Variation",
  "{\"statusCode\":400,\"response\":{\"code\":\"product_invalid_sku\",\"message\":\"Ungültige oder doppelte Artikelnummer.\",\"data\":{\"status\":400,\"resource_id\":2508,\"unique_sku\":\"1202201723-1\"}},\"endpoint\":\"products/5128/variations\",\"name\":\"WooCommerceApiError\"}",
  "Error creating Variation",
  "{\"statusCode\":400,\"response\":{\"code\":\"product_invalid_sku\",\"message\":\"Ungültige oder doppelte Artikelnummer.\",\"data\":{\"status\":400,\"resource_id\":2509,\"unique_sku\":\"1202201724-1\"}},\"endpoint\":\"products/5128/variations\",\"name\":\"WooCommerceApiError\"}",
  "Error creating Variation",
  "{\"statusCode\":400,\"response\":{\"code\":\"product_invalid_sku\",\"message\":\"Ungültige oder doppelte Artikelnummer.\",\"data\":{\"status\":400,\"resource_id\":2510,\"unique_sku\":\"1202201725-1\"}},\"endpoint\":\"products/5128/variations\",\"name\":\"WooCommerceApiError\"}",
  "Error creating Variation",
  "{\"statusCode\":400,\"response\":{\"code\":\"product_invalid_sku\",\"message\":\"Ungültige oder doppelte Artikelnummer.\",\"data\":{\"status\":400,\"resource_id\":2511,\"unique_sku\":\"1202201726-1\"}},\"endpoint\":\"products/5128/variations\",\"name\":\"WooCommerceApiError\"}",
  "Error creating Variation",
  "{\"statusCode\":400,\"response\":{\"code\":\"product_invalid_sku\",\"message\":\"Ungültige oder doppelte Artikelnummer.\",\"data\":{\"status\":400,\"resource_id\":2482,\"unique_sku\":\"1202205801-1\"}},\"endpoint\":\"products/5133/variations\",\"name\":\"WooCommerceApiError\"}",
  "Error creating Variation",
  "{\"statusCode\":400,\"response\":{\"code\":\"product_invalid_sku\",\"message\":\"Ungültige oder doppelte Artikelnummer.\",\"data\":{\"status\":400,\"resource_id\":2483,\"unique_sku\":\"1202205802-1\"}},\"endpoint\":\"products/5133/variations\",\"name\":\"WooCommerceApiError\"}",
  "Error creating Variation",
  "{\"statusCode\":400,\"response\":{\"code\":\"product_invalid_sku\",\"message\":\"Ungültige oder doppelte Artikelnummer.\",\"data\":{\"status\":400,\"resource_id\":2484,\"unique_sku\":\"1202205803-1\"}},\"endpoint\":\"products/5133/variations\",\"name\":\"WooCommerceApiError\"}",
  "Error creating Variation",
  "{\"statusCode\":400,\"response\":{\"code\":\"product_invalid_sku\",\"message\":\"Ungültige oder doppelte Artikelnummer.\",\"data\":{\"status\":400,\"resource_id\":2485,\"unique_sku\":\"1202205804-1\"}},\"endpoint\":\"products/5133/variations\",\"name\":\"WooCommerceApiError\"}",
  "Error creating Variation",
  "{\"statusCode\":400,\"response\":{\"code\":\"product_invalid_sku\",\"message\":\"Ungültige oder doppelte Artikelnummer.\",\"data\":{\"status\":400,\"resource_id\":2486,\"unique_sku\":\"1202205805-1\"}},\"endpoint\":\"products/5133/variations\",\"name\":\"WooCommerceApiError\"}",
  "Error creating Variation",
  "{\"statusCode\":400,\"response\":{\"code\":\"product_invalid_sku\",\"message\":\"Ungültige oder doppelte Artikelnummer.\",\"data\":{\"status\":400,\"resource_id\":2487,\"unique_sku\":\"1202205806-1\"}},\"endpoint\":\"products/5133/variations\",\"name\":\"WooCommerceApiError\"}",
  "Error creating Variation",
  "{\"statusCode\":400,\"response\":{\"code\":\"product_invalid_sku\",\"message\":\"Ungültige oder doppelte Artikelnummer.\",\"data\":{\"status\":400,\"resource_id\":2474,\"unique_sku\":\"1202401011-1\"}},\"endpoint\":\"products/5137/variations\",\"name\":\"WooCommerceApiError\"}",
  "Error creating Variation",
  "{\"statusCode\":400,\"response\":{\"code\":\"product_invalid_sku\",\"message\":\"Ungültige oder doppelte Artikelnummer.\",\"data\":{\"status\":400,\"resource_id\":839,\"unique_sku\":\"1202600001-1\"}},\"endpoint\":\"products/5141/variations\",\"name\":\"WooCommerceApiError\"}",
  "Error creating Variation",
  "{\"statusCode\":400,\"response\":{\"code\":\"product_invalid_sku\",\"message\":\"Ungültige oder doppelte Artikelnummer.\",\"data\":{\"status\":400,\"resource_id\":840,\"unique_sku\":\"1202600002-1\"}},\"endpoint\":\"products/5141/variations\",\"name\":\"WooCommerceApiError\"}",
  "Error creating Variation",
  "{\"statusCode\":400,\"response\":{\"code\":\"product_invalid_sku\",\"message\":\"Ungültige oder doppelte Artikelnummer.\",\"data\":{\"status\":400,\"resource_id\":841,\"unique_sku\":\"1202600003-1\"}},\"endpoint\":\"products/5141/variations\",\"name\":\"WooCommerceApiError\"}",
  "Error creating Variation",
  "{\"statusCode\":400,\"response\":{\"code\":\"product_invalid_sku\",\"message\":\"Ungültige oder doppelte Artikelnummer.\",\"data\":{\"status\":400,\"resource_id\":842,\"unique_sku\":\"1202600004-1\"}},\"endpoint\":\"products/5141/variations\",\"name\":\"WooCommerceApiError\"}",
  "Error creating Variation",
  "{\"statusCode\":400,\"response\":{\"code\":\"product_invalid_sku\",\"message\":\"Ungültige oder doppelte Artikelnummer.\",\"data\":{\"status\":400,\"resource_id\":843,\"unique_sku\":\"1202600005-1\"}},\"endpoint\":\"products/5141/variations\",\"name\":\"WooCommerceApiError\"}",
  "Error creating Variation",
  "{\"statusCode\":400,\"response\":{\"code\":\"product_invalid_sku\",\"message\":\"Ungültige oder doppelte Artikelnummer.\",\"data\":{\"status\":400,\"resource_id\":844,\"unique_sku\":\"1202600006-1\"}},\"endpoint\":\"products/5141/variations\",\"name\":\"WooCommerceApiError\"}",
  "Error creating Variation",
  "{\"statusCode\":400,\"response\":{\"code\":\"product_invalid_sku\",\"message\":\"Ungültige oder doppelte Artikelnummer.\",\"data\":{\"status\":400,\"resource_id\":2435,\"unique_sku\":\"1202600712-1\"}},\"endpoint\":\"products/5144/variations\",\"name\":\"WooCommerceApiError\"}",
  "Error creating Variation",
  "{\"statusCode\":400,\"response\":{\"code\":\"product_invalid_sku\",\"message\":\"Ungültige oder doppelte Artikelnummer.\",\"data\":{\"status\":400,\"resource_id\":2436,\"unique_sku\":\"1202600714-1\"}},\"endpoint\":\"products/5144/variations\",\"name\":\"WooCommerceApiError\"}",
  "Error creating Variation",
  "{\"statusCode\":400,\"response\":{\"code\":\"product_invalid_sku\",\"message\":\"Ungültige oder doppelte Artikelnummer.\",\"data\":{\"status\":400,\"resource_id\":2433,\"unique_sku\":\"1202600715-1\"}},\"endpoint\":\"products/5144/variations\",\"name\":\"WooCommerceApiError\"}",
  "Error creating Variation",
  "{\"statusCode\":400,\"response\":{\"code\":\"product_invalid_sku\",\"message\":\"Ungültige oder doppelte Artikelnummer.\",\"data\":{\"status\":400,\"resource_id\":2434,\"unique_sku\":\"1202600716-1\"}},\"endpoint\":\"products/5144/variations\",\"name\":\"WooCommerceApiError\"}",
  "Error creating Variation",
  "{\"statusCode\":400,\"response\":{\"code\":\"product_invalid_sku\",\"message\":\"Ungültige oder doppelte Artikelnummer.\",\"data\":{\"status\":400,\"resource_id\":2432,\"unique_sku\":\"1202600717-1\"}},\"endpoint\":\"products/5144/variations\",\"name\":\"WooCommerceApiError\"}",
  "Error creating Variation",
  "{\"statusCode\":400,\"response\":{\"code\":\"product_invalid_sku\",\"message\":\"Ungültige oder doppelte Artikelnummer.\",\"data\":{\"status\":400,\"resource_id\":2431,\"unique_sku\":\"1202600718-1\"}},\"endpoint\":\"products/5144/variations\",\"name\":\"WooCommerceApiError\"}",
  "Error creating Variation",
  "{\"statusCode\":400,\"response\":{\"code\":\"product_invalid_sku\",\"message\":\"Ungültige oder doppelte Artikelnummer.\",\"data\":{\"status\":400,\"resource_id\":2440,\"unique_sku\":\"1202900301-1\"}},\"endpoint\":\"products/5147/variations\",\"name\":\"WooCommerceApiError\"}",
  "Error creating Variation",
  "{\"statusCode\":400,\"response\":{\"code\":\"product_invalid_sku\",\"message\":\"Ungültige oder doppelte Artikelnummer.\",\"data\":{\"status\":400,\"resource_id\":2439,\"unique_sku\":\"1202900302-1\"}},\"endpoint\":\"products/5147/variations\",\"name\":\"WooCommerceApiError\"}",
  "Error creating Variation",
  "{\"statusCode\":400,\"response\":{\"code\":\"product_invalid_sku\",\"message\":\"Ungültige oder doppelte Artikelnummer.\",\"data\":{\"status\":400,\"resource_id\":2444,\"unique_sku\":\"1202900615-1\"}},\"endpoint\":\"products/5150/variations\",\"name\":\"WooCommerceApiError\"}",
  "Error creating Variation",
  "{\"statusCode\":400,\"response\":{\"code\":\"product_invalid_sku\",\"message\":\"Ungültige oder doppelte Artikelnummer.\",\"data\":{\"status\":400,\"resource_id\":2413,\"unique_sku\":\"1212700136-1\"}},\"endpoint\":\"products/5183/variations\",\"name\":\"WooCommerceApiError\"}",
  "Error creating Variation",
  "{\"statusCode\":400,\"response\":{\"code\":\"product_invalid_sku\",\"message\":\"Ungültige oder doppelte Artikelnummer.\",\"data\":{\"status\":400,\"resource_id\":2414,\"unique_sku\":\"1212700138-1\"}},\"endpoint\":\"products/5183/variations\",\"name\":\"WooCommerceApiError\"}",
  "Error creating Variation",
  "{\"statusCode\":400,\"response\":{\"code\":\"product_invalid_sku\",\"message\":\"Ungültige oder doppelte Artikelnummer.\",\"data\":{\"status\":400,\"resource_id\":2415,\"unique_sku\":\"1212700140-1\"}},\"endpoint\":\"products/5183/variations\",\"name\":\"WooCommerceApiError\"}",
  "Error creating Variation",
  "{\"statusCode\":400,\"response\":{\"code\":\"product_invalid_sku\",\"message\":\"Ungültige oder doppelte Artikelnummer.\",\"data\":{\"status\":400,\"resource_id\":2416,\"unique_sku\":\"1212700142-1\"}},\"endpoint\":\"products/5183/variations\",\"name\":\"WooCommerceApiError\"}",
  "Error creating Variation",
  "{\"statusCode\":400,\"response\":{\"code\":\"product_invalid_sku\",\"message\":\"Ungültige oder doppelte Artikelnummer.\",\"data\":{\"status\":400,\"resource_id\":2417,\"unique_sku\":\"1212700144-1\"}},\"endpoint\":\"products/5183/variations\",\"name\":\"WooCommerceApiError\"}",
  "Error creating Variation",
  "{\"statusCode\":400,\"response\":{\"code\":\"product_invalid_sku\",\"message\":\"Ungültige oder doppelte Artikelnummer.\",\"data\":{\"status\":400,\"resource_id\":2418,\"unique_sku\":\"1212700146-1\"}},\"endpoint\":\"products/5183/variations\",\"name\":\"WooCommerceApiError\"}",
  "Error creating Variation",
  "{\"statusCode\":400,\"response\":{\"code\":\"product_invalid_sku\",\"message\":\"Ungültige oder doppelte Artikelnummer.\",\"data\":{\"status\":400,\"resource_id\":2422,\"unique_sku\":\"1212700236-1\"}},\"endpoint\":\"products/5190/variations\",\"name\":\"WooCommerceApiError\"}",
  "Error creating Variation",
  "{\"statusCode\":400,\"response\":{\"code\":\"product_invalid_sku\",\"message\":\"Ungültige oder doppelte Artikelnummer.\",\"data\":{\"status\":400,\"resource_id\":2423,\"unique_sku\":\"1212700238-1\"}},\"endpoint\":\"products/5190/variations\",\"name\":\"WooCommerceApiError\"}",
  "Error creating Variation",
  "{\"statusCode\":400,\"response\":{\"code\":\"product_invalid_sku\",\"message\":\"Ungültige oder doppelte Artikelnummer.\",\"data\":{\"status\":400,\"resource_id\":2424,\"unique_sku\":\"1212700240-1\"}},\"endpoint\":\"products/5190/variations\",\"name\":\"WooCommerceApiError\"}",
  "Error creating Variation",
  "{\"statusCode\":400,\"response\":{\"code\":\"product_invalid_sku\",\"message\":\"Ungültige oder doppelte Artikelnummer.\",\"data\":{\"status\":400,\"resource_id\":2425,\"unique_sku\":\"1212700242-1\"}},\"endpoint\":\"products/5190/variations\",\"name\":\"WooCommerceApiError\"}",
  "Error creating Variation",
  "{\"statusCode\":400,\"response\":{\"code\":\"product_invalid_sku\",\"message\":\"Ungültige oder doppelte Artikelnummer.\",\"data\":{\"status\":400,\"resource_id\":2426,\"unique_sku\":\"1212700244-1\"}},\"endpoint\":\"products/5190/variations\",\"name\":\"WooCommerceApiError\"}",
  "Error creating Variation",
  "{\"statusCode\":400,\"response\":{\"code\":\"product_invalid_sku\",\"message\":\"Ungültige oder doppelte Artikelnummer.\",\"data\":{\"status\":400,\"resource_id\":2427,\"unique_sku\":\"1212700246-1\"}},\"endpoint\":\"products/5190/variations\",\"name\":\"WooCommerceApiError\"}",
  "Error creating Variation",
  "{\"statusCode\":400,\"response\":{\"code\":\"product_invalid_sku\",\"message\":\"Ungültige oder doppelte Artikelnummer.\",\"data\":{\"status\":400,\"resource_id\":2388,\"unique_sku\":\"1212700336-1\"}},\"endpoint\":\"products/5197/variations\",\"name\":\"WooCommerceApiError\"}",
  "Error creating Variation",
  "{\"statusCode\":400,\"response\":{\"code\":\"product_invalid_sku\",\"message\":\"Ungültige oder doppelte Artikelnummer.\",\"data\":{\"status\":400,\"resource_id\":2389,\"unique_sku\":\"1212700338-1\"}},\"endpoint\":\"products/5197/variations\",\"name\":\"WooCommerceApiError\"}",
  "Error creating Variation",
  "{\"statusCode\":400,\"response\":{\"code\":\"product_invalid_sku\",\"message\":\"Ungültige oder doppelte Artikelnummer.\",\"data\":{\"status\":400,\"resource_id\":2390,\"unique_sku\":\"1212700340-1\"}},\"endpoint\":\"products/5197/variations\",\"name\":\"WooCommerceApiError\"}",
  "Error creating Variation",
  "{\"statusCode\":400,\"response\":{\"code\":\"product_invalid_sku\",\"message\":\"Ungültige oder doppelte Artikelnummer.\",\"data\":{\"status\":400,\"resource_id\":2391,\"unique_sku\":\"1212700342-1\"}},\"endpoint\":\"products/5197/variations\",\"name\":\"WooCommerceApiError\"}",
  "Error creating Variation",
  "{\"statusCode\":400,\"response\":{\"code\":\"product_invalid_sku\",\"message\":\"Ungültige oder doppelte Artikelnummer.\",\"data\":{\"status\":400,\"resource_id\":2392,\"unique_sku\":\"1212700344-1\"}},\"endpoint\":\"products/5197/variations\",\"name\":\"WooCommerceApiError\"}",
  "Error creating Variation",
  "{\"statusCode\":400,\"response\":{\"code\":\"product_invalid_sku\",\"message\":\"Ungültige oder doppelte Artikelnummer.\",\"data\":{\"status\":400,\"resource_id\":2393,\"unique_sku\":\"1212700346-1\"}},\"endpoint\":\"products/5197/variations\",\"name\":\"WooCommerceApiError\"}",
  "Error creating Variation",
  "{\"statusCode\":400,\"response\":{\"code\":\"product_invalid_sku\",\"message\":\"Ungültige oder doppelte Artikelnummer.\",\"data\":{\"status\":400,\"resource_id\":2345,\"unique_sku\":\"1212700410-1\"}},\"endpoint\":\"products/5204/variations\",\"name\":\"WooCommerceApiError\"}",
  "Error creating Variation",
  "{\"statusCode\":400,\"response\":{\"code\":\"product_invalid_sku\",\"message\":\"Ungültige oder doppelte Artikelnummer.\",\"data\":{\"status\":400,\"resource_id\":2346,\"unique_sku\":\"1212700420-1\"}},\"endpoint\":\"products/5204/variations\",\"name\":\"WooCommerceApiError\"}",
  "Error creating Variation",
  "{\"statusCode\":400,\"response\":{\"code\":\"product_invalid_sku\",\"message\":\"Ungültige oder doppelte Artikelnummer.\",\"data\":{\"status\":400,\"resource_id\":2351,\"unique_sku\":\"1212700510-1\"}},\"endpoint\":\"products/5211/variations\",\"name\":\"WooCommerceApiError\"}",
  "Error creating Variation",
  "{\"statusCode\":400,\"response\":{\"code\":\"product_invalid_sku\",\"message\":\"Ungültige oder doppelte Artikelnummer.\",\"data\":{\"status\":400,\"resource_id\":2352,\"unique_sku\":\"1212700520-1\"}},\"endpoint\":\"products/5211/variations\",\"name\":\"WooCommerceApiError\"}",
  "Error creating Variation",
  "{\"statusCode\":400,\"response\":{\"code\":\"product_invalid_sku\",\"message\":\"Ungültige oder doppelte Artikelnummer.\",\"data\":{\"status\":400,\"resource_id\":2353,\"unique_sku\":\"1212700530-1\"}},\"endpoint\":\"products/5211/variations\",\"name\":\"WooCommerceApiError\"}",
  "Error creating Variation",
  "{\"statusCode\":400,\"response\":{\"code\":\"product_invalid_sku\",\"message\":\"Ungültige oder doppelte Artikelnummer.\",\"data\":{\"status\":400,\"resource_id\":2357,\"unique_sku\":\"1212700710-1\"}},\"endpoint\":\"products/5218/variations\",\"name\":\"WooCommerceApiError\"}",
  "Error creating Variation",
  "{\"statusCode\":400,\"response\":{\"code\":\"product_invalid_sku\",\"message\":\"Ungültige oder doppelte Artikelnummer.\",\"data\":{\"status\":400,\"resource_id\":2358,\"unique_sku\":\"1212700720-1\"}},\"endpoint\":\"products/5218/variations\",\"name\":\"WooCommerceApiError\"}",
  "Error creating Variation",
  "{\"statusCode\":400,\"response\":{\"code\":\"product_invalid_sku\",\"message\":\"Ungültige oder doppelte Artikelnummer.\",\"data\":{\"status\":400,\"resource_id\":2314,\"unique_sku\":\"1216000111-1\"}},\"endpoint\":\"products/5225/variations\",\"name\":\"WooCommerceApiError\"}",
  "Error creating Variation",
  "{\"statusCode\":400,\"response\":{\"code\":\"product_invalid_sku\",\"message\":\"Ungültige oder doppelte Artikelnummer.\",\"data\":{\"status\":400,\"resource_id\":2315,\"unique_sku\":\"1216000112-1\"}},\"endpoint\":\"products/5225/variations\",\"name\":\"WooCommerceApiError\"}",
  "Error creating Variation",
  "{\"statusCode\":400,\"response\":{\"code\":\"product_invalid_sku\",\"message\":\"Ungültige oder doppelte Artikelnummer.\",\"data\":{\"status\":400,\"resource_id\":2316,\"unique_sku\":\"1216000113-1\"}},\"endpoint\":\"products/5225/variations\",\"name\":\"WooCommerceApiError\"}",
  "Error creating Variation",
  "{\"statusCode\":400,\"response\":{\"code\":\"product_invalid_sku\",\"message\":\"Ungültige oder doppelte Artikelnummer.\",\"data\":{\"status\":400,\"resource_id\":2317,\"unique_sku\":\"1216000114-1\"}},\"endpoint\":\"products/5225/variations\",\"name\":\"WooCommerceApiError\"}",
  "Error creating Variation",
  "{\"statusCode\":400,\"response\":{\"code\":\"product_invalid_sku\",\"message\":\"Ungültige oder doppelte Artikelnummer.\",\"data\":{\"status\":400,\"resource_id\":2318,\"unique_sku\":\"1216000115-1\"}},\"endpoint\":\"products/5225/variations\",\"name\":\"WooCommerceApiError\"}",
  "Error creating Variation",
  "{\"statusCode\":400,\"response\":{\"code\":\"product_invalid_sku\",\"message\":\"Ungültige oder doppelte Artikelnummer.\",\"data\":{\"status\":400,\"resource_id\":2337,\"unique_sku\":\"1216000121-1\"}},\"endpoint\":\"products/5229/variations\",\"name\":\"WooCommerceApiError\"}",
  "Error creating Variation",
  "{\"statusCode\":400,\"response\":{\"code\":\"product_invalid_sku\",\"message\":\"Ungültige oder doppelte Artikelnummer.\",\"data\":{\"status\":400,\"resource_id\":2338,\"unique_sku\":\"1216000122-1\"}},\"endpoint\":\"products/5229/variations\",\"name\":\"WooCommerceApiError\"}",
  "Error creating Variation",
  "{\"statusCode\":400,\"response\":{\"code\":\"product_invalid_sku\",\"message\":\"Ungültige oder doppelte Artikelnummer.\",\"data\":{\"status\":400,\"resource_id\":2339,\"unique_sku\":\"1216000123-1\"}},\"endpoint\":\"products/5229/variations\",\"name\":\"WooCommerceApiError\"}",
  "Error creating Variation",
  "{\"statusCode\":400,\"response\":{\"code\":\"product_invalid_sku\",\"message\":\"Ungültige oder doppelte Artikelnummer.\",\"data\":{\"status\":400,\"resource_id\":2340,\"unique_sku\":\"1216000124-1\"}},\"endpoint\":\"products/5229/variations\",\"name\":\"WooCommerceApiError\"}",
  "Error creating Variation",
  "{\"statusCode\":400,\"response\":{\"code\":\"product_invalid_sku\",\"message\":\"Ungültige oder doppelte Artikelnummer.\",\"data\":{\"status\":400,\"resource_id\":2341,\"unique_sku\":\"1216000125-1\"}},\"endpoint\":\"products/5229/variations\",\"name\":\"WooCommerceApiError\"}",
  "Error creating Variation",
  "{\"statusCode\":400,\"response\":{\"code\":\"product_invalid_sku\",\"message\":\"Ungültige oder doppelte Artikelnummer.\",\"data\":{\"status\":400,\"resource_id\":2304,\"unique_sku\":\"1216201031-1\"}},\"endpoint\":\"products/5236/variations\",\"name\":\"WooCommerceApiError\"}",
  "Error creating Variation",
  "{\"statusCode\":400,\"response\":{\"code\":\"product_invalid_sku\",\"message\":\"Ungültige oder doppelte Artikelnummer.\",\"data\":{\"status\":400,\"resource_id\":2305,\"unique_sku\":\"1216201032-1\"}},\"endpoint\":\"products/5236/variations\",\"name\":\"WooCommerceApiError\"}",
  "Error creating Variation",
  "{\"statusCode\":400,\"response\":{\"code\":\"product_invalid_sku\",\"message\":\"Ungültige oder doppelte Artikelnummer.\",\"data\":{\"status\":400,\"resource_id\":2306,\"unique_sku\":\"1216201033-1\"}},\"endpoint\":\"products/5236/variations\",\"name\":\"WooCommerceApiError\"}",
  "Error creating Variation",
  "{\"statusCode\":400,\"response\":{\"code\":\"product_invalid_sku\",\"message\":\"Ungültige oder doppelte Artikelnummer.\",\"data\":{\"status\":400,\"resource_id\":2307,\"unique_sku\":\"1216201034-1\"}},\"endpoint\":\"products/5236/variations\",\"name\":\"WooCommerceApiError\"}",
  "Error creating Variation",
  "{\"statusCode\":400,\"response\":{\"code\":\"product_invalid_sku\",\"message\":\"Ungültige oder doppelte Artikelnummer.\",\"data\":{\"status\":400,\"resource_id\":2308,\"unique_sku\":\"1216201035-1\"}},\"endpoint\":\"products/5236/variations\",\"name\":\"WooCommerceApiError\"}",
  "Error creating Variation",
  "{\"statusCode\":400,\"response\":{\"code\":\"product_invalid_sku\",\"message\":\"Ungültige oder doppelte Artikelnummer.\",\"data\":{\"status\":400,\"resource_id\":2280,\"unique_sku\":\"1216201061-1\"}},\"endpoint\":\"products/5243/variations\",\"name\":\"WooCommerceApiError\"}",
  "Error creating Variation",
  "{\"statusCode\":400,\"response\":{\"code\":\"product_invalid_sku\",\"message\":\"Ungültige oder doppelte Artikelnummer.\",\"data\":{\"status\":400,\"resource_id\":2281,\"unique_sku\":\"1216201062-1\"}},\"endpoint\":\"products/5243/variations\",\"name\":\"WooCommerceApiError\"}",
  "Error creating Variation",
  "{\"statusCode\":400,\"response\":{\"code\":\"product_invalid_sku\",\"message\":\"Ungültige oder doppelte Artikelnummer.\",\"data\":{\"status\":400,\"resource_id\":2282,\"unique_sku\":\"1216201063-1\"}},\"endpoint\":\"products/5243/variations\",\"name\":\"WooCommerceApiError\"}",
  "Error creating Variation",
  "{\"statusCode\":400,\"response\":{\"code\":\"product_invalid_sku\",\"message\":\"Ungültige oder doppelte Artikelnummer.\",\"data\":{\"status\":400,\"resource_id\":2283,\"unique_sku\":\"1216201064-1\"}},\"endpoint\":\"products/5243/variations\",\"name\":\"WooCommerceApiError\"}",
  "Error creating Variation",
  "{\"statusCode\":400,\"response\":{\"code\":\"product_invalid_sku\",\"message\":\"Ungültige oder doppelte Artikelnummer.\",\"data\":{\"status\":400,\"resource_id\":2284,\"unique_sku\":\"1216201065-1\"}},\"endpoint\":\"products/5243/variations\",\"name\":\"WooCommerceApiError\"}",
  "Error creating Variation",
  "{\"statusCode\":400,\"response\":{\"code\":\"product_invalid_sku\",\"message\":\"Ungültige oder doppelte Artikelnummer.\",\"data\":{\"status\":400,\"resource_id\":2259,\"unique_sku\":\"1216201091-1\"}},\"endpoint\":\"products/5250/variations\",\"name\":\"WooCommerceApiError\"}",
  "Error creating Variation",
  "{\"statusCode\":400,\"response\":{\"code\":\"product_invalid_sku\",\"message\":\"Ungültige oder doppelte Artikelnummer.\",\"data\":{\"status\":400,\"resource_id\":2260,\"unique_sku\":\"1216201092-1\"}},\"endpoint\":\"products/5250/variations\",\"name\":\"WooCommerceApiError\"}",
  "Error creating Variation",
  "{\"statusCode\":400,\"response\":{\"code\":\"product_invalid_sku\",\"message\":\"Ungültige oder doppelte Artikelnummer.\",\"data\":{\"status\":400,\"resource_id\":2261,\"unique_sku\":\"1216201093-1\"}},\"endpoint\":\"products/5250/variations\",\"name\":\"WooCommerceApiError\"}",
  "Error creating Variation",
  "{\"statusCode\":400,\"response\":{\"code\":\"product_invalid_sku\",\"message\":\"Ungültige oder doppelte Artikelnummer.\",\"data\":{\"status\":400,\"resource_id\":2262,\"unique_sku\":\"1216201094-1\"}},\"endpoint\":\"products/5250/variations\",\"name\":\"WooCommerceApiError\"}",
  "Error creating Variation",
  "{\"statusCode\":400,\"response\":{\"code\":\"product_invalid_sku\",\"message\":\"Ungültige oder doppelte Artikelnummer.\",\"data\":{\"status\":400,\"resource_id\":2263,\"unique_sku\":\"1216201095-1\"}},\"endpoint\":\"products/5250/variations\",\"name\":\"WooCommerceApiError\"}",
  "Error creating Variation",
  "{\"statusCode\":400,\"response\":{\"code\":\"product_invalid_sku\",\"message\":\"Ungültige oder doppelte Artikelnummer.\",\"data\":{\"status\":400,\"resource_id\":125,\"unique_sku\":\"1216204501-1\"}},\"endpoint\":\"products/5254/variations\",\"name\":\"WooCommerceApiError\"}",
  "Error creating Variation",
  "{\"statusCode\":400,\"response\":{\"code\":\"product_invalid_sku\",\"message\":\"Ungültige oder doppelte Artikelnummer.\",\"data\":{\"status\":400,\"resource_id\":126,\"unique_sku\":\"1216204502-1\"}},\"endpoint\":\"products/5254/variations\",\"name\":\"WooCommerceApiError\"}",
  "Error creating Variation",
  "{\"statusCode\":400,\"response\":{\"code\":\"product_invalid_sku\",\"message\":\"Ungültige oder doppelte Artikelnummer.\",\"data\":{\"status\":400,\"resource_id\":127,\"unique_sku\":\"1216204503-1\"}},\"endpoint\":\"products/5254/variations\",\"name\":\"WooCommerceApiError\"}",
  "Error creating Variation",
  "{\"statusCode\":400,\"response\":{\"code\":\"product_invalid_sku\",\"message\":\"Ungültige oder doppelte Artikelnummer.\",\"data\":{\"status\":400,\"resource_id\":128,\"unique_sku\":\"1216204504-1\"}},\"endpoint\":\"products/5254/variations\",\"name\":\"WooCommerceApiError\"}",
  "Error creating Variation",
  "{\"statusCode\":400,\"response\":{\"code\":\"product_invalid_sku\",\"message\":\"Ungültige oder doppelte Artikelnummer.\",\"data\":{\"status\":400,\"resource_id\":129,\"unique_sku\":\"1216204505-1\"}},\"endpoint\":\"products/5254/variations\",\"name\":\"WooCommerceApiError\"}",
  "Error creating Variation",
  "{\"statusCode\":400,\"response\":{\"code\":\"product_invalid_sku\",\"message\":\"Ungültige oder doppelte Artikelnummer.\",\"data\":{\"status\":400,\"resource_id\":2232,\"unique_sku\":\"1216303031-1\"}},\"endpoint\":\"products/5267/variations\",\"name\":\"WooCommerceApiError\"}",
  "Error creating Variation",
  "{\"statusCode\":400,\"response\":{\"code\":\"product_invalid_sku\",\"message\":\"Ungültige oder doppelte Artikelnummer.\",\"data\":{\"status\":400,\"resource_id\":2233,\"unique_sku\":\"1216303032-1\"}},\"endpoint\":\"products/5267/variations\",\"name\":\"WooCommerceApiError\"}",
  "Error creating Variation",
  "{\"statusCode\":400,\"response\":{\"code\":\"product_invalid_sku\",\"message\":\"Ungültige oder doppelte Artikelnummer.\",\"data\":{\"status\":400,\"resource_id\":2234,\"unique_sku\":\"1216303033-1\"}},\"endpoint\":\"products/5267/variations\",\"name\":\"WooCommerceApiError\"}",
  "Error creating Variation",
  "{\"statusCode\":400,\"response\":{\"code\":\"product_invalid_sku\",\"message\":\"Ungültige oder doppelte Artikelnummer.\",\"data\":{\"status\":400,\"resource_id\":2235,\"unique_sku\":\"1216303034-1\"}},\"endpoint\":\"products/5267/variations\",\"name\":\"WooCommerceApiError\"}",
  "Error creating Variation",
  "{\"statusCode\":400,\"response\":{\"code\":\"product_invalid_sku\",\"message\":\"Ungültige oder doppelte Artikelnummer.\",\"data\":{\"status\":400,\"resource_id\":2236,\"unique_sku\":\"1216303035-1\"}},\"endpoint\":\"products/5267/variations\",\"name\":\"WooCommerceApiError\"}",
  "Error creating Variation",
  "{\"statusCode\":400,\"response\":{\"code\":\"product_invalid_sku\",\"message\":\"Ungültige oder doppelte Artikelnummer.\",\"data\":{\"status\":400,\"resource_id\":2176,\"unique_sku\":\"1216303041-1\"}},\"endpoint\":\"products/5274/variations\",\"name\":\"WooCommerceApiError\"}",
  "Error creating Variation",
  "{\"statusCode\":400,\"response\":{\"code\":\"product_invalid_sku\",\"message\":\"Ungültige oder doppelte Artikelnummer.\",\"data\":{\"status\":400,\"resource_id\":2177,\"unique_sku\":\"1216303042-1\"}},\"endpoint\":\"products/5274/variations\",\"name\":\"WooCommerceApiError\"}",
  "Error creating Variation",
  "{\"statusCode\":400,\"response\":{\"code\":\"product_invalid_sku\",\"message\":\"Ungültige oder doppelte Artikelnummer.\",\"data\":{\"status\":400,\"resource_id\":2178,\"unique_sku\":\"1216303043-1\"}},\"endpoint\":\"products/5274/variations\",\"name\":\"WooCommerceApiError\"}",
  "Error creating Variation",
  "{\"statusCode\":400,\"response\":{\"code\":\"product_invalid_sku\",\"message\":\"Ungültige oder doppelte Artikelnummer.\",\"data\":{\"status\":400,\"resource_id\":2179,\"unique_sku\":\"1216303044-1\"}},\"endpoint\":\"products/5274/variations\",\"name\":\"WooCommerceApiError\"}",
  "Error creating Variation",
  "{\"statusCode\":400,\"response\":{\"code\":\"product_invalid_sku\",\"message\":\"Ungültige oder doppelte Artikelnummer.\",\"data\":{\"status\":400,\"resource_id\":2180,\"unique_sku\":\"1216303045-1\"}},\"endpoint\":\"products/5274/variations\",\"name\":\"WooCommerceApiError\"}",
  "Error creating Variation",
  "{\"statusCode\":400,\"response\":{\"code\":\"product_invalid_sku\",\"message\":\"Ungültige oder doppelte Artikelnummer.\",\"data\":{\"status\":400,\"resource_id\":2166,\"unique_sku\":\"1216303071-1\"}},\"endpoint\":\"products/5281/variations\",\"name\":\"WooCommerceApiError\"}",
  "Error creating Variation",
  "{\"statusCode\":400,\"response\":{\"code\":\"product_invalid_sku\",\"message\":\"Ungültige oder doppelte Artikelnummer.\",\"data\":{\"status\":400,\"resource_id\":2167,\"unique_sku\":\"1216303072-1\"}},\"endpoint\":\"products/5281/variations\",\"name\":\"WooCommerceApiError\"}",
  "Error creating Variation",
  "{\"statusCode\":400,\"response\":{\"code\":\"product_invalid_sku\",\"message\":\"Ungültige oder doppelte Artikelnummer.\",\"data\":{\"status\":400,\"resource_id\":2168,\"unique_sku\":\"1216303073-1\"}},\"endpoint\":\"products/5281/variations\",\"name\":\"WooCommerceApiError\"}",
  "Error creating Variation",
  "{\"statusCode\":400,\"response\":{\"code\":\"product_invalid_sku\",\"message\":\"Ungültige oder doppelte Artikelnummer.\",\"data\":{\"status\":400,\"resource_id\":2169,\"unique_sku\":\"1216303074-1\"}},\"endpoint\":\"products/5281/variations\",\"name\":\"WooCommerceApiError\"}",
  "Error creating Variation",
  "{\"statusCode\":400,\"response\":{\"code\":\"product_invalid_sku\",\"message\":\"Ungültige oder doppelte Artikelnummer.\",\"data\":{\"status\":400,\"resource_id\":2170,\"unique_sku\":\"1216303075-1\"}},\"endpoint\":\"products/5281/variations\",\"name\":\"WooCommerceApiError\"}",
  "Error creating Variation",
  "{\"statusCode\":400,\"response\":{\"code\":\"product_invalid_sku\",\"message\":\"Ungültige oder doppelte Artikelnummer.\",\"data\":{\"status\":400,\"resource_id\":2161,\"unique_sku\":\"1216303081-1\"}},\"endpoint\":\"products/5288/variations\",\"name\":\"WooCommerceApiError\"}",
  "Error creating Variation",
  "{\"statusCode\":400,\"response\":{\"code\":\"product_invalid_sku\",\"message\":\"Ungültige oder doppelte Artikelnummer.\",\"data\":{\"status\":400,\"resource_id\":2162,\"unique_sku\":\"1216303082-1\"}},\"endpoint\":\"products/5288/variations\",\"name\":\"WooCommerceApiError\"}",
  "Error creating Variation",
  "{\"statusCode\":400,\"response\":{\"code\":\"product_invalid_sku\",\"message\":\"Ungültige oder doppelte Artikelnummer.\",\"data\":{\"status\":400,\"resource_id\":2163,\"unique_sku\":\"1216303083-1\"}},\"endpoint\":\"products/5288/variations\",\"name\":\"WooCommerceApiError\"}",
  "Error creating Variation",
  "{\"statusCode\":400,\"response\":{\"code\":\"product_invalid_sku\",\"message\":\"Ungültige oder doppelte Artikelnummer.\",\"data\":{\"status\":400,\"resource_id\":2164,\"unique_sku\":\"1216303084-1\"}},\"endpoint\":\"products/5288/variations\",\"name\":\"WooCommerceApiError\"}",
  "Error creating Variation",
  "{\"statusCode\":400,\"response\":{\"code\":\"product_invalid_sku\",\"message\":\"Ungültige oder doppelte Artikelnummer.\",\"data\":{\"status\":400,\"resource_id\":2165,\"unique_sku\":\"1216303085-1\"}},\"endpoint\":\"products/5288/variations\",\"name\":\"WooCommerceApiError\"}",
  "Error creating Variation",
  "{\"statusCode\":400,\"response\":{\"code\":\"product_invalid_sku\",\"message\":\"Ungültige oder doppelte Artikelnummer.\",\"data\":{\"status\":400,\"resource_id\":2137,\"unique_sku\":\"1216303091-1\"}},\"endpoint\":\"products/5294/variations\",\"name\":\"WooCommerceApiError\"}",
  "Error creating Variation",
  "{\"statusCode\":400,\"response\":{\"code\":\"product_invalid_sku\",\"message\":\"Ungültige oder doppelte Artikelnummer.\",\"data\":{\"status\":400,\"resource_id\":2138,\"unique_sku\":\"1216303092-1\"}},\"endpoint\":\"products/5294/variations\",\"name\":\"WooCommerceApiError\"}",
  "Error creating Variation",
  "{\"statusCode\":400,\"response\":{\"code\":\"product_invalid_sku\",\"message\":\"Ungültige oder doppelte Artikelnummer.\",\"data\":{\"status\":400,\"resource_id\":2139,\"unique_sku\":\"1216303093-1\"}},\"endpoint\":\"products/5294/variations\",\"name\":\"WooCommerceApiError\"}",
  "Error creating Variation",
  "{\"statusCode\":400,\"response\":{\"code\":\"product_invalid_sku\",\"message\":\"Ungültige oder doppelte Artikelnummer.\",\"data\":{\"status\":400,\"resource_id\":2140,\"unique_sku\":\"1216303094-1\"}},\"endpoint\":\"products/5294/variations\",\"name\":\"WooCommerceApiError\"}",
  "Error creating Variation",
  "{\"statusCode\":400,\"response\":{\"code\":\"product_invalid_sku\",\"message\":\"Ungültige oder doppelte Artikelnummer.\",\"data\":{\"status\":400,\"resource_id\":2141,\"unique_sku\":\"1216303095-1\"}},\"endpoint\":\"products/5294/variations\",\"name\":\"WooCommerceApiError\"}",
  "Error creating Variation",
  "{\"statusCode\":400,\"response\":{\"code\":\"product_invalid_sku\",\"message\":\"Ungültige oder doppelte Artikelnummer.\",\"data\":{\"status\":400,\"resource_id\":2152,\"unique_sku\":\"1216303511-1\"}},\"endpoint\":\"products/5301/variations\",\"name\":\"WooCommerceApiError\"}",
  "Error creating Variation",
  "{\"statusCode\":400,\"response\":{\"code\":\"product_invalid_sku\",\"message\":\"Ungültige oder doppelte Artikelnummer.\",\"data\":{\"status\":400,\"resource_id\":2153,\"unique_sku\":\"1216303512-1\"}},\"endpoint\":\"products/5301/variations\",\"name\":\"WooCommerceApiError\"}",
  "Error creating Variation",
  "{\"statusCode\":400,\"response\":{\"code\":\"product_invalid_sku\",\"message\":\"Ungültige oder doppelte Artikelnummer.\",\"data\":{\"status\":400,\"resource_id\":2154,\"unique_sku\":\"1216303513-1\"}},\"endpoint\":\"products/5301/variations\",\"name\":\"WooCommerceApiError\"}",
  "Error creating Variation",
  "{\"statusCode\":400,\"response\":{\"code\":\"product_invalid_sku\",\"message\":\"Ungültige oder doppelte Artikelnummer.\",\"data\":{\"status\":400,\"resource_id\":2155,\"unique_sku\":\"1216303514-1\"}},\"endpoint\":\"products/5301/variations\",\"name\":\"WooCommerceApiError\"}",
  "Error creating Variation",
  "{\"statusCode\":400,\"response\":{\"code\":\"product_invalid_sku\",\"message\":\"Ungültige oder doppelte Artikelnummer.\",\"data\":{\"status\":400,\"resource_id\":2156,\"unique_sku\":\"1216303515-1\"}},\"endpoint\":\"products/5301/variations\",\"name\":\"WooCommerceApiError\"}",
  "Error creating Variation",
  "{\"statusCode\":400,\"response\":{\"code\":\"product_invalid_sku\",\"message\":\"Ungültige oder doppelte Artikelnummer.\",\"data\":{\"status\":400,\"resource_id\":2099,\"unique_sku\":\"1216303531-1\"}},\"endpoint\":\"products/5308/variations\",\"name\":\"WooCommerceApiError\"}",
  "Error creating Variation",
  "{\"statusCode\":400,\"response\":{\"code\":\"product_invalid_sku\",\"message\":\"Ungültige oder doppelte Artikelnummer.\",\"data\":{\"status\":400,\"resource_id\":2100,\"unique_sku\":\"1216303532-1\"}},\"endpoint\":\"products/5308/variations\",\"name\":\"WooCommerceApiError\"}",
  "Error creating Variation",
  "{\"statusCode\":400,\"response\":{\"code\":\"product_invalid_sku\",\"message\":\"Ungültige oder doppelte Artikelnummer.\",\"data\":{\"status\":400,\"resource_id\":2101,\"unique_sku\":\"1216303533-1\"}},\"endpoint\":\"products/5308/variations\",\"name\":\"WooCommerceApiError\"}",
  "Error creating Variation",
  "{\"statusCode\":400,\"response\":{\"code\":\"product_invalid_sku\",\"message\":\"Ungültige oder doppelte Artikelnummer.\",\"data\":{\"status\":400,\"resource_id\":2102,\"unique_sku\":\"1216303534-1\"}},\"endpoint\":\"products/5308/variations\",\"name\":\"WooCommerceApiError\"}",
  "Error creating Variation",
  "{\"statusCode\":400,\"response\":{\"code\":\"product_invalid_sku\",\"message\":\"Ungültige oder doppelte Artikelnummer.\",\"data\":{\"status\":400,\"resource_id\":2103,\"unique_sku\":\"1216303535-1\"}},\"endpoint\":\"products/5308/variations\",\"name\":\"WooCommerceApiError\"}",
  "Error creating Variation",
  "{\"statusCode\":400,\"response\":{\"code\":\"product_invalid_sku\",\"message\":\"Ungültige oder doppelte Artikelnummer.\",\"data\":{\"status\":400,\"resource_id\":2124,\"unique_sku\":\"1216303541-1\"}},\"endpoint\":\"products/5315/variations\",\"name\":\"WooCommerceApiError\"}",
  "Error creating Variation",
  "{\"statusCode\":400,\"response\":{\"code\":\"product_invalid_sku\",\"message\":\"Ungültige oder doppelte Artikelnummer.\",\"data\":{\"status\":400,\"resource_id\":2125,\"unique_sku\":\"1216303542-1\"}},\"endpoint\":\"products/5315/variations\",\"name\":\"WooCommerceApiError\"}",
  "Error creating Variation",
  "{\"statusCode\":400,\"response\":{\"code\":\"product_invalid_sku\",\"message\":\"Ungültige oder doppelte Artikelnummer.\",\"data\":{\"status\":400,\"resource_id\":2126,\"unique_sku\":\"1216303543-1\"}},\"endpoint\":\"products/5315/variations\",\"name\":\"WooCommerceApiError\"}",
  "Error creating Variation",
  "{\"statusCode\":400,\"response\":{\"code\":\"product_invalid_sku\",\"message\":\"Ungültige oder doppelte Artikelnummer.\",\"data\":{\"status\":400,\"resource_id\":2127,\"unique_sku\":\"1216303544-1\"}},\"endpoint\":\"products/5315/variations\",\"name\":\"WooCommerceApiError\"}",
  "Error creating Variation",
  "{\"statusCode\":400,\"response\":{\"code\":\"product_invalid_sku\",\"message\":\"Ungültige oder doppelte Artikelnummer.\",\"data\":{\"status\":400,\"resource_id\":2128,\"unique_sku\":\"1216303545-1\"}},\"endpoint\":\"products/5315/variations\",\"name\":\"WooCommerceApiError\"}",
  "Error creating Variation",
  "{\"statusCode\":400,\"response\":{\"code\":\"product_invalid_sku\",\"message\":\"Ungültige oder doppelte Artikelnummer.\",\"data\":{\"status\":400,\"resource_id\":629,\"unique_sku\":\"1216601631-1\"}},\"endpoint\":\"products/5321/variations\",\"name\":\"WooCommerceApiError\"}",
  "Error creating Variation",
  "{\"statusCode\":400,\"response\":{\"code\":\"product_invalid_sku\",\"message\":\"Ungültige oder doppelte Artikelnummer.\",\"data\":{\"status\":400,\"resource_id\":630,\"unique_sku\":\"1216601632-1\"}},\"endpoint\":\"products/5321/variations\",\"name\":\"WooCommerceApiError\"}",
  "Error creating Variation",
  "{\"statusCode\":400,\"response\":{\"code\":\"product_invalid_sku\",\"message\":\"Ungültige oder doppelte Artikelnummer.\",\"data\":{\"status\":400,\"resource_id\":631,\"unique_sku\":\"1216601633-1\"}},\"endpoint\":\"products/5321/variations\",\"name\":\"WooCommerceApiError\"}",
  "Error creating Variation",
  "{\"statusCode\":400,\"response\":{\"code\":\"product_invalid_sku\",\"message\":\"Ungültige oder doppelte Artikelnummer.\",\"data\":{\"status\":400,\"resource_id\":632,\"unique_sku\":\"1216601634-1\"}},\"endpoint\":\"products/5321/variations\",\"name\":\"WooCommerceApiError\"}",
  "Error creating Variation",
  "{\"statusCode\":400,\"response\":{\"code\":\"product_invalid_sku\",\"message\":\"Ungültige oder doppelte Artikelnummer.\",\"data\":{\"status\":400,\"resource_id\":633,\"unique_sku\":\"1216601635-1\"}},\"endpoint\":\"products/5321/variations\",\"name\":\"WooCommerceApiError\"}",
  "Error creating Variation",
  "{\"statusCode\":400,\"response\":{\"code\":\"product_invalid_sku\",\"message\":\"Ungültige oder doppelte Artikelnummer.\",\"data\":{\"status\":400,\"resource_id\":541,\"unique_sku\":\"1280000331-1\"}},\"endpoint\":\"products/5535/variations\",\"name\":\"WooCommerceApiError\"}",
  "Error creating Variation",
  "{\"statusCode\":400,\"response\":{\"code\":\"product_invalid_sku\",\"message\":\"Ungültige oder doppelte Artikelnummer.\",\"data\":{\"status\":400,\"resource_id\":543,\"unique_sku\":\"1280000333-1\"}},\"endpoint\":\"products/5535/variations\",\"name\":\"WooCommerceApiError\"}",
  "Error creating Variation",
  "{\"statusCode\":400,\"response\":{\"code\":\"product_invalid_sku\",\"message\":\"Ungültige oder doppelte Artikelnummer.\",\"data\":{\"status\":400,\"resource_id\":544,\"unique_sku\":\"1280000334-1\"}},\"endpoint\":\"products/5535/variations\",\"name\":\"WooCommerceApiError\"}",
  "Error creating Variation",
  "{\"statusCode\":400,\"response\":{\"code\":\"product_invalid_sku\",\"message\":\"Ungültige oder doppelte Artikelnummer.\",\"data\":{\"status\":400,\"resource_id\":545,\"unique_sku\":\"1280000335-1\"}},\"endpoint\":\"products/5535/variations\",\"name\":\"WooCommerceApiError\"}",
  "Error creating Variation",
  "{\"statusCode\":400,\"response\":{\"code\":\"product_invalid_sku\",\"message\":\"Ungültige oder doppelte Artikelnummer.\",\"data\":{\"status\":400,\"resource_id\":546,\"unique_sku\":\"1280000336-1\"}},\"endpoint\":\"products/5535/variations\",\"name\":\"WooCommerceApiError\"}",
  "Error creating Variation",
  "{\"statusCode\":400,\"response\":{\"code\":\"product_invalid_sku\",\"message\":\"Ungültige oder doppelte Artikelnummer.\",\"data\":{\"status\":400,\"resource_id\":1283,\"unique_sku\":\"1280000511-1\"}},\"endpoint\":\"products/5562/variations\",\"name\":\"WooCommerceApiError\"}",
  "Error creating Variation",
  "{\"statusCode\":400,\"response\":{\"code\":\"product_invalid_sku\",\"message\":\"Ungültige oder doppelte Artikelnummer.\",\"data\":{\"status\":400,\"resource_id\":1284,\"unique_sku\":\"1280000514-1\"}},\"endpoint\":\"products/5562/variations\",\"name\":\"WooCommerceApiError\"}",
  "Error creating Variation",
  "{\"statusCode\":400,\"response\":{\"code\":\"product_invalid_sku\",\"message\":\"Ungültige oder doppelte Artikelnummer.\",\"data\":{\"status\":400,\"resource_id\":601,\"unique_sku\":\"1280000621-1\"}},\"endpoint\":\"products/5573/variations\",\"name\":\"WooCommerceApiError\"}",
  "Error creating Variation",
  "{\"statusCode\":400,\"response\":{\"code\":\"product_invalid_sku\",\"message\":\"Ungültige oder doppelte Artikelnummer.\",\"data\":{\"status\":400,\"resource_id\":602,\"unique_sku\":\"1280000622-1\"}},\"endpoint\":\"products/5573/variations\",\"name\":\"WooCommerceApiError\"}",
  "Error creating Variation",
  "{\"statusCode\":400,\"response\":{\"code\":\"product_invalid_sku\",\"message\":\"Ungültige oder doppelte Artikelnummer.\",\"data\":{\"status\":400,\"resource_id\":603,\"unique_sku\":\"1280000623-1\"}},\"endpoint\":\"products/5573/variations\",\"name\":\"WooCommerceApiError\"}",
  "Error creating Variation",
  "{\"statusCode\":400,\"response\":{\"code\":\"product_invalid_sku\",\"message\":\"Ungültige oder doppelte Artikelnummer.\",\"data\":{\"status\":400,\"resource_id\":604,\"unique_sku\":\"1280000624-1\"}},\"endpoint\":\"products/5573/variations\",\"name\":\"WooCommerceApiError\"}",
  "Error creating Variation",
  "{\"statusCode\":400,\"response\":{\"code\":\"product_invalid_sku\",\"message\":\"Ungültige oder doppelte Artikelnummer.\",\"data\":{\"status\":400,\"resource_id\":605,\"unique_sku\":\"1280000625-1\"}},\"endpoint\":\"products/5573/variations\",\"name\":\"WooCommerceApiError\"}",
  "Error creating Variation",
  "{\"statusCode\":400,\"response\":{\"code\":\"product_invalid_sku\",\"message\":\"Ungültige oder doppelte Artikelnummer.\",\"data\":{\"status\":400,\"resource_id\":606,\"unique_sku\":\"1280000626-1\"}},\"endpoint\":\"products/5573/variations\",\"name\":\"WooCommerceApiError\"}",
  "Error creating Variation",
  "{\"statusCode\":400,\"response\":{\"code\":\"product_invalid_sku\",\"message\":\"Ungültige oder doppelte Artikelnummer.\",\"data\":{\"status\":400,\"resource_id\":553,\"unique_sku\":\"1280000631-1\"}},\"endpoint\":\"products/5580/variations\",\"name\":\"WooCommerceApiError\"}",
  "Error creating Variation",
  "{\"statusCode\":400,\"response\":{\"code\":\"product_invalid_sku\",\"message\":\"Ungültige oder doppelte Artikelnummer.\",\"data\":{\"status\":400,\"resource_id\":554,\"unique_sku\":\"1280000632-1\"}},\"endpoint\":\"products/5580/variations\",\"name\":\"WooCommerceApiError\"}",
  "Error creating Variation",
  "{\"statusCode\":400,\"response\":{\"code\":\"product_invalid_sku\",\"message\":\"Ungültige oder doppelte Artikelnummer.\",\"data\":{\"status\":400,\"resource_id\":555,\"unique_sku\":\"1280000633-1\"}},\"endpoint\":\"products/5580/variations\",\"name\":\"WooCommerceApiError\"}",
  "Error creating Variation",
  "{\"statusCode\":400,\"response\":{\"code\":\"product_invalid_sku\",\"message\":\"Ungültige oder doppelte Artikelnummer.\",\"data\":{\"status\":400,\"resource_id\":556,\"unique_sku\":\"1280000634-1\"}},\"endpoint\":\"products/5580/variations\",\"name\":\"WooCommerceApiError\"}",
  "Error creating Variation",
  "{\"statusCode\":400,\"response\":{\"code\":\"product_invalid_sku\",\"message\":\"Ungültige oder doppelte Artikelnummer.\",\"data\":{\"status\":400,\"resource_id\":557,\"unique_sku\":\"1280000635-1\"}},\"endpoint\":\"products/5580/variations\",\"name\":\"WooCommerceApiError\"}",
  "Error creating Variation",
  "{\"statusCode\":400,\"response\":{\"code\":\"product_invalid_sku\",\"message\":\"Ungültige oder doppelte Artikelnummer.\",\"data\":{\"status\":400,\"resource_id\":558,\"unique_sku\":\"1280000636-1\"}},\"endpoint\":\"products/5580/variations\",\"name\":\"WooCommerceApiError\"}",
  "Error creating Variation",
  "{\"statusCode\":400,\"response\":{\"code\":\"product_invalid_sku\",\"message\":\"Ungültige oder doppelte Artikelnummer.\",\"data\":{\"status\":400,\"resource_id\":552,\"unique_sku\":\"1280000637-1\"}},\"endpoint\":\"products/5580/variations\",\"name\":\"WooCommerceApiError\"}",
  "Error creating Variation",
  "{\"statusCode\":400,\"response\":{\"code\":\"product_invalid_sku\",\"message\":\"Ungültige oder doppelte Artikelnummer.\",\"data\":{\"status\":400,\"resource_id\":571,\"unique_sku\":\"1280001361-1\"}},\"endpoint\":\"products/5713/variations\",\"name\":\"WooCommerceApiError\"}",
  "Error creating Variation",
  "{\"statusCode\":400,\"response\":{\"code\":\"product_invalid_sku\",\"message\":\"Ungültige oder doppelte Artikelnummer.\",\"data\":{\"status\":400,\"resource_id\":572,\"unique_sku\":\"1280001362-1\"}},\"endpoint\":\"products/5713/variations\",\"name\":\"WooCommerceApiError\"}",
  "Error creating Variation",
  "{\"statusCode\":400,\"response\":{\"code\":\"product_invalid_sku\",\"message\":\"Ungültige oder doppelte Artikelnummer.\",\"data\":{\"status\":400,\"resource_id\":573,\"unique_sku\":\"1280001363-1\"}},\"endpoint\":\"products/5713/variations\",\"name\":\"WooCommerceApiError\"}",
  "Error creating Variation",
  "{\"statusCode\":400,\"response\":{\"code\":\"product_invalid_sku\",\"message\":\"Ungültige oder doppelte Artikelnummer.\",\"data\":{\"status\":400,\"resource_id\":574,\"unique_sku\":\"1280001364-1\"}},\"endpoint\":\"products/5713/variations\",\"name\":\"WooCommerceApiError\"}",
  "Error creating Variation",
  "{\"statusCode\":400,\"response\":{\"code\":\"product_invalid_sku\",\"message\":\"Ungültige oder doppelte Artikelnummer.\",\"data\":{\"status\":400,\"resource_id\":575,\"unique_sku\":\"1280001365-1\"}},\"endpoint\":\"products/5713/variations\",\"name\":\"WooCommerceApiError\"}",
  "Error creating Variation",
  "{\"statusCode\":400,\"response\":{\"code\":\"product_invalid_sku\",\"message\":\"Ungültige oder doppelte Artikelnummer.\",\"data\":{\"status\":400,\"resource_id\":576,\"unique_sku\":\"1280001366-1\"}},\"endpoint\":\"products/5713/variations\",\"name\":\"WooCommerceApiError\"}",
  "Error creating Variation",
  "{\"statusCode\":400,\"response\":{\"code\":\"product_invalid_sku\",\"message\":\"Ungültige oder doppelte Artikelnummer.\",\"data\":{\"status\":400,\"resource_id\":577,\"unique_sku\":\"1280001368-1\"}},\"endpoint\":\"products/5713/variations\",\"name\":\"WooCommerceApiError\"}",
  "Error creating Variation",
  "{\"statusCode\":400,\"response\":{\"code\":\"product_invalid_sku\",\"message\":\"Ungültige oder doppelte Artikelnummer.\",\"data\":{\"status\":400,\"resource_id\":588,\"unique_sku\":\"1280001421-1\"}},\"endpoint\":\"products/5718/variations\",\"name\":\"WooCommerceApiError\"}",
  "Error creating Variation",
  "{\"statusCode\":400,\"response\":{\"code\":\"product_invalid_sku\",\"message\":\"Ungültige oder doppelte Artikelnummer.\",\"data\":{\"status\":400,\"resource_id\":589,\"unique_sku\":\"1280001422-1\"}},\"endpoint\":\"products/5718/variations\",\"name\":\"WooCommerceApiError\"}",
  "Error creating Variation",
  "{\"statusCode\":400,\"response\":{\"code\":\"product_invalid_sku\",\"message\":\"Ungültige oder doppelte Artikelnummer.\",\"data\":{\"status\":400,\"resource_id\":590,\"unique_sku\":\"1280001423-1\"}},\"endpoint\":\"products/5718/variations\",\"name\":\"WooCommerceApiError\"}",
  "Error creating Variation",
  "{\"statusCode\":400,\"response\":{\"code\":\"product_invalid_sku\",\"message\":\"Ungültige oder doppelte Artikelnummer.\",\"data\":{\"status\":400,\"resource_id\":591,\"unique_sku\":\"1280001424-1\"}},\"endpoint\":\"products/5718/variations\",\"name\":\"WooCommerceApiError\"}",
  "Error creating Variation",
  "{\"statusCode\":400,\"response\":{\"code\":\"product_invalid_sku\",\"message\":\"Ungültige oder doppelte Artikelnummer.\",\"data\":{\"status\":400,\"resource_id\":592,\"unique_sku\":\"1280001425-1\"}},\"endpoint\":\"products/5718/variations\",\"name\":\"WooCommerceApiError\"}",
  "Error creating Variation",
  "{\"statusCode\":400,\"response\":{\"code\":\"product_invalid_sku\",\"message\":\"Ungültige oder doppelte Artikelnummer.\",\"data\":{\"status\":400,\"resource_id\":593,\"unique_sku\":\"1280001426-1\"}},\"endpoint\":\"products/5718/variations\",\"name\":\"WooCommerceApiError\"}",
  "Error creating Variation",
  "{\"statusCode\":400,\"response\":{\"code\":\"product_invalid_sku\",\"message\":\"Ungültige oder doppelte Artikelnummer.\",\"data\":{\"status\":400,\"resource_id\":594,\"unique_sku\":\"1280001428-1\"}},\"endpoint\":\"products/5718/variations\",\"name\":\"WooCommerceApiError\"}",
  "Error creating Variation",
  "{\"statusCode\":400,\"response\":{\"code\":\"product_invalid_sku\",\"message\":\"Ungültige oder doppelte Artikelnummer.\",\"data\":{\"status\":400,\"resource_id\":622,\"unique_sku\":\"1280001753-1\"}},\"endpoint\":\"products/5809/variations\",\"name\":\"WooCommerceApiError\"}",
  "Error creating Variation",
  "{\"statusCode\":400,\"response\":{\"code\":\"product_invalid_sku\",\"message\":\"Ungültige oder doppelte Artikelnummer.\",\"data\":{\"status\":400,\"resource_id\":621,\"unique_sku\":\"1280001755-1\"}},\"endpoint\":\"products/5809/variations\",\"name\":\"WooCommerceApiError\"}",
  "Error creating Variation",
  "{\"statusCode\":400,\"response\":{\"code\":\"product_invalid_sku\",\"message\":\"Ungültige oder doppelte Artikelnummer.\",\"data\":{\"status\":400,\"resource_id\":648,\"unique_sku\":\"1280002331-1\"}},\"endpoint\":\"products/5857/variations\",\"name\":\"WooCommerceApiError\"}",
  "Error creating Variation",
  "{\"statusCode\":400,\"response\":{\"code\":\"product_invalid_sku\",\"message\":\"Ungültige oder doppelte Artikelnummer.\",\"data\":{\"status\":400,\"resource_id\":649,\"unique_sku\":\"1280002332-1\"}},\"endpoint\":\"products/5857/variations\",\"name\":\"WooCommerceApiError\"}",
  "Error creating Variation",
  "{\"statusCode\":400,\"response\":{\"code\":\"product_invalid_sku\",\"message\":\"Ungültige oder doppelte Artikelnummer.\",\"data\":{\"status\":400,\"resource_id\":650,\"unique_sku\":\"1280002333-1\"}},\"endpoint\":\"products/5857/variations\",\"name\":\"WooCommerceApiError\"}",
  "Error creating Variation",
  "{\"statusCode\":400,\"response\":{\"code\":\"product_invalid_sku\",\"message\":\"Ungültige oder doppelte Artikelnummer.\",\"data\":{\"status\":400,\"resource_id\":651,\"unique_sku\":\"1280002334-1\"}},\"endpoint\":\"products/5857/variations\",\"name\":\"WooCommerceApiError\"}",
  "Error creating Variation",
  "{\"statusCode\":400,\"response\":{\"code\":\"product_invalid_sku\",\"message\":\"Ungültige oder doppelte Artikelnummer.\",\"data\":{\"status\":400,\"resource_id\":652,\"unique_sku\":\"1280002335-1\"}},\"endpoint\":\"products/5857/variations\",\"name\":\"WooCommerceApiError\"}",
  "Error creating Variation",
  "{\"statusCode\":400,\"response\":{\"code\":\"product_invalid_sku\",\"message\":\"Ungültige oder doppelte Artikelnummer.\",\"data\":{\"status\":400,\"resource_id\":653,\"unique_sku\":\"1280002336-1\"}},\"endpoint\":\"products/5857/variations\",\"name\":\"WooCommerceApiError\"}",
  "Error creating Variation",
  "{\"statusCode\":400,\"response\":{\"code\":\"product_invalid_sku\",\"message\":\"Ungültige oder doppelte Artikelnummer.\",\"data\":{\"status\":400,\"resource_id\":666,\"unique_sku\":\"1280002831-1\"}},\"endpoint\":\"products/5914/variations\",\"name\":\"WooCommerceApiError\"}",
  "Error creating Variation",
  "{\"statusCode\":400,\"response\":{\"code\":\"product_invalid_sku\",\"message\":\"Ungültige oder doppelte Artikelnummer.\",\"data\":{\"status\":400,\"resource_id\":667,\"unique_sku\":\"1280002833-1\"}},\"endpoint\":\"products/5914/variations\",\"name\":\"WooCommerceApiError\"}",
  "Error creating Variation",
  "{\"statusCode\":400,\"response\":{\"code\":\"product_invalid_sku\",\"message\":\"Ungültige oder doppelte Artikelnummer.\",\"data\":{\"status\":400,\"resource_id\":664,\"unique_sku\":\"1280002835-1\"}},\"endpoint\":\"products/5914/variations\",\"name\":\"WooCommerceApiError\"}",
  "Error creating Variation",
  "{\"statusCode\":400,\"response\":{\"code\":\"product_invalid_sku\",\"message\":\"Ungültige oder doppelte Artikelnummer.\",\"data\":{\"status\":400,\"resource_id\":673,\"unique_sku\":\"1280002841-1\"}},\"endpoint\":\"products/5921/variations\",\"name\":\"WooCommerceApiError\"}",
  "Error creating Variation",
  "{\"statusCode\":400,\"response\":{\"code\":\"product_invalid_sku\",\"message\":\"Ungültige oder doppelte Artikelnummer.\",\"data\":{\"status\":400,\"resource_id\":674,\"unique_sku\":\"1280002843-1\"}},\"endpoint\":\"products/5921/variations\",\"name\":\"WooCommerceApiError\"}",
  "Error creating Variation",
  "{\"statusCode\":400,\"response\":{\"code\":\"product_invalid_sku\",\"message\":\"Ungültige oder doppelte Artikelnummer.\",\"data\":{\"status\":400,\"resource_id\":675,\"unique_sku\":\"1280002845-1\"}},\"endpoint\":\"products/5921/variations\",\"name\":\"WooCommerceApiError\"}",
  "Error creating Variation",
  "{\"statusCode\":400,\"response\":{\"code\":\"product_invalid_sku\",\"message\":\"Ungültige oder doppelte Artikelnummer.\",\"data\":{\"status\":400,\"resource_id\":681,\"unique_sku\":\"1280004211-1\"}},\"endpoint\":\"products/5979/variations\",\"name\":\"WooCommerceApiError\"}",
  "Error creating Variation",
  "{\"statusCode\":400,\"response\":{\"code\":\"product_invalid_sku\",\"message\":\"Ungültige oder doppelte Artikelnummer.\",\"data\":{\"status\":400,\"resource_id\":682,\"unique_sku\":\"1280004212-2\"}},\"endpoint\":\"products/5979/variations\",\"name\":\"WooCommerceApiError\"}",
  "Error creating Variation",
  "{\"statusCode\":400,\"response\":{\"code\":\"product_invalid_sku\",\"message\":\"Ungültige oder doppelte Artikelnummer.\",\"data\":{\"status\":400,\"resource_id\":683,\"unique_sku\":\"1280004213-1\"}},\"endpoint\":\"products/5979/variations\",\"name\":\"WooCommerceApiError\"}",
  "Error creating Variation",
  "{\"statusCode\":400,\"response\":{\"code\":\"product_invalid_sku\",\"message\":\"Ungültige oder doppelte Artikelnummer.\",\"data\":{\"status\":400,\"resource_id\":684,\"unique_sku\":\"1280004214-1\"}},\"endpoint\":\"products/5979/variations\",\"name\":\"WooCommerceApiError\"}",
  "Error creating Variation",
  "{\"statusCode\":400,\"response\":{\"code\":\"product_invalid_sku\",\"message\":\"Ungültige oder doppelte Artikelnummer.\",\"data\":{\"status\":400,\"resource_id\":685,\"unique_sku\":\"1280004215-1\"}},\"endpoint\":\"products/5979/variations\",\"name\":\"WooCommerceApiError\"}",
  "Error creating Variation",
  "{\"statusCode\":400,\"response\":{\"code\":\"product_invalid_sku\",\"message\":\"Ungültige oder doppelte Artikelnummer.\",\"data\":{\"status\":400,\"resource_id\":1338,\"unique_sku\":\"1280004311-1\"}},\"endpoint\":\"products/5990/variations\",\"name\":\"WooCommerceApiError\"}",
  "Error creating Variation",
  "{\"statusCode\":400,\"response\":{\"code\":\"product_invalid_sku\",\"message\":\"Ungültige oder doppelte Artikelnummer.\",\"data\":{\"status\":400,\"resource_id\":1339,\"unique_sku\":\"1280004312-1\"}},\"endpoint\":\"products/5990/variations\",\"name\":\"WooCommerceApiError\"}",
  "Error creating Variation",
  "{\"statusCode\":400,\"response\":{\"code\":\"product_invalid_sku\",\"message\":\"Ungültige oder doppelte Artikelnummer.\",\"data\":{\"status\":400,\"resource_id\":1340,\"unique_sku\":\"1280004313-1\"}},\"endpoint\":\"products/5990/variations\",\"name\":\"WooCommerceApiError\"}",
  "Error creating Variation",
  "{\"statusCode\":400,\"response\":{\"code\":\"product_invalid_sku\",\"message\":\"Ungültige oder doppelte Artikelnummer.\",\"data\":{\"status\":400,\"resource_id\":1341,\"unique_sku\":\"1280004314-1\"}},\"endpoint\":\"products/5990/variations\",\"name\":\"WooCommerceApiError\"}",
  "Error creating Variation",
  "{\"statusCode\":400,\"response\":{\"code\":\"product_invalid_sku\",\"message\":\"Ungültige oder doppelte Artikelnummer.\",\"data\":{\"status\":400,\"resource_id\":1342,\"unique_sku\":\"1280004315-1\"}},\"endpoint\":\"products/5990/variations\",\"name\":\"WooCommerceApiError\"}",
  "Error creating Variation",
  "{\"statusCode\":400,\"response\":{\"code\":\"product_invalid_sku\",\"message\":\"Ungültige oder doppelte Artikelnummer.\",\"data\":{\"status\":400,\"resource_id\":612,\"unique_sku\":\"1280004413-1\"}},\"endpoint\":\"products/5997/variations\",\"name\":\"WooCommerceApiError\"}",
  "Error creating Variation",
  "{\"statusCode\":400,\"response\":{\"code\":\"product_invalid_sku\",\"message\":\"Ungültige oder doppelte Artikelnummer.\",\"data\":{\"status\":400,\"resource_id\":611,\"unique_sku\":\"1280004415-1\"}},\"endpoint\":\"products/5997/variations\",\"name\":\"WooCommerceApiError\"}",
  "Error creating Variation",
  "{\"statusCode\":400,\"response\":{\"code\":\"product_invalid_sku\",\"message\":\"Ungültige oder doppelte Artikelnummer.\",\"data\":{\"status\":400,\"resource_id\":1302,\"unique_sku\":\"1280006011-1\"}},\"endpoint\":\"products/6153/variations\",\"name\":\"WooCommerceApiError\"}",
  "Error creating Variation",
  "{\"statusCode\":400,\"response\":{\"code\":\"product_invalid_sku\",\"message\":\"Ungültige oder doppelte Artikelnummer.\",\"data\":{\"status\":400,\"resource_id\":1303,\"unique_sku\":\"1280006012-1\"}},\"endpoint\":\"products/6153/variations\",\"name\":\"WooCommerceApiError\"}",
  "Error creating Variation",
  "{\"statusCode\":400,\"response\":{\"code\":\"product_invalid_sku\",\"message\":\"Ungültige oder doppelte Artikelnummer.\",\"data\":{\"status\":400,\"resource_id\":1304,\"unique_sku\":\"1280006013-1\"}},\"endpoint\":\"products/6153/variations\",\"name\":\"WooCommerceApiError\"}",
  "Error creating Variation",
  "{\"statusCode\":400,\"response\":{\"code\":\"product_invalid_sku\",\"message\":\"Ungültige oder doppelte Artikelnummer.\",\"data\":{\"status\":400,\"resource_id\":1305,\"unique_sku\":\"1280006014-1\"}},\"endpoint\":\"products/6153/variations\",\"name\":\"WooCommerceApiError\"}",
  "Error creating Variation",
  "{\"statusCode\":400,\"response\":{\"code\":\"product_invalid_sku\",\"message\":\"Ungültige oder doppelte Artikelnummer.\",\"data\":{\"status\":400,\"resource_id\":1306,\"unique_sku\":\"1280006015-1\"}},\"endpoint\":\"products/6153/variations\",\"name\":\"WooCommerceApiError\"}",
  "Error creating Variation",
  "{\"statusCode\":400,\"response\":{\"code\":\"product_invalid_sku\",\"message\":\"Ungültige oder doppelte Artikelnummer.\",\"data\":{\"status\":400,\"resource_id\":1307,\"unique_sku\":\"1280006016-1\"}},\"endpoint\":\"products/6153/variations\",\"name\":\"WooCommerceApiError\"}",
  "Error creating Variation",
  "{\"statusCode\":400,\"response\":{\"code\":\"product_invalid_sku\",\"message\":\"Ungültige oder doppelte Artikelnummer.\",\"data\":{\"status\":400,\"resource_id\":719,\"unique_sku\":\"1280010011-1\"}},\"endpoint\":\"products/6279/variations\",\"name\":\"WooCommerceApiError\"}",
  "Error creating Variation",
  "{\"statusCode\":400,\"response\":{\"code\":\"product_invalid_sku\",\"message\":\"Ungültige oder doppelte Artikelnummer.\",\"data\":{\"status\":400,\"resource_id\":720,\"unique_sku\":\"1280010012-1\"}},\"endpoint\":\"products/6279/variations\",\"name\":\"WooCommerceApiError\"}",
  "Error creating Variation",
  "{\"statusCode\":400,\"response\":{\"code\":\"product_invalid_sku\",\"message\":\"Ungültige oder doppelte Artikelnummer.\",\"data\":{\"status\":400,\"resource_id\":721,\"unique_sku\":\"1280010013-1\"}},\"endpoint\":\"products/6279/variations\",\"name\":\"WooCommerceApiError\"}",
  "Error creating Variation",
  "{\"statusCode\":400,\"response\":{\"code\":\"product_invalid_sku\",\"message\":\"Ungültige oder doppelte Artikelnummer.\",\"data\":{\"status\":400,\"resource_id\":722,\"unique_sku\":\"1280010014-1\"}},\"endpoint\":\"products/6279/variations\",\"name\":\"WooCommerceApiError\"}",
  "Error creating Variation",
  "{\"statusCode\":400,\"response\":{\"code\":\"product_invalid_sku\",\"message\":\"Ungültige oder doppelte Artikelnummer.\",\"data\":{\"status\":400,\"resource_id\":726,\"unique_sku\":\"1280010631-1\"}},\"endpoint\":\"products/6372/variations\",\"name\":\"WooCommerceApiError\"}",
  "Error creating Variation",
  "{\"statusCode\":400,\"response\":{\"code\":\"product_invalid_sku\",\"message\":\"Ungültige oder doppelte Artikelnummer.\",\"data\":{\"status\":400,\"resource_id\":727,\"unique_sku\":\"1280010632-1\"}},\"endpoint\":\"products/6372/variations\",\"name\":\"WooCommerceApiError\"}",
  "Error creating Variation",
  "{\"statusCode\":400,\"response\":{\"code\":\"product_invalid_sku\",\"message\":\"Ungültige oder doppelte Artikelnummer.\",\"data\":{\"status\":400,\"resource_id\":728,\"unique_sku\":\"1280010633-1\"}},\"endpoint\":\"products/6372/variations\",\"name\":\"WooCommerceApiError\"}",
  "Error creating Variation",
  "{\"statusCode\":400,\"response\":{\"code\":\"product_invalid_sku\",\"message\":\"Ungültige oder doppelte Artikelnummer.\",\"data\":{\"status\":400,\"resource_id\":729,\"unique_sku\":\"1280010634-1\"}},\"endpoint\":\"products/6372/variations\",\"name\":\"WooCommerceApiError\"}",
  "Error creating Variation",
  "{\"statusCode\":400,\"response\":{\"code\":\"product_invalid_sku\",\"message\":\"Ungültige oder doppelte Artikelnummer.\",\"data\":{\"status\":400,\"resource_id\":709,\"unique_sku\":\"1280010721-1\"}},\"endpoint\":\"products/6379/variations\",\"name\":\"WooCommerceApiError\"}",
  "Error creating Variation",
  "{\"statusCode\":400,\"response\":{\"code\":\"product_invalid_sku\",\"message\":\"Ungültige oder doppelte Artikelnummer.\",\"data\":{\"status\":400,\"resource_id\":710,\"unique_sku\":\"1280010722-1\"}},\"endpoint\":\"products/6379/variations\",\"name\":\"WooCommerceApiError\"}",
  "Error creating Variation",
  "{\"statusCode\":400,\"response\":{\"code\":\"product_invalid_sku\",\"message\":\"Ungültige oder doppelte Artikelnummer.\",\"data\":{\"status\":400,\"resource_id\":711,\"unique_sku\":\"1280010723-1\"}},\"endpoint\":\"products/6379/variations\",\"name\":\"WooCommerceApiError\"}",
  "Error creating Variation",
  "{\"statusCode\":400,\"response\":{\"code\":\"product_invalid_sku\",\"message\":\"Ungültige oder doppelte Artikelnummer.\",\"data\":{\"status\":400,\"resource_id\":712,\"unique_sku\":\"1280010724-1\"}},\"endpoint\":\"products/6379/variations\",\"name\":\"WooCommerceApiError\"}",
  "Error creating Variation",
  "{\"statusCode\":400,\"response\":{\"code\":\"product_invalid_sku\",\"message\":\"Ungültige oder doppelte Artikelnummer.\",\"data\":{\"status\":400,\"resource_id\":693,\"unique_sku\":\"1280010731-1\"}},\"endpoint\":\"products/6386/variations\",\"name\":\"WooCommerceApiError\"}",
  "Error creating Variation",
  "{\"statusCode\":400,\"response\":{\"code\":\"product_invalid_sku\",\"message\":\"Ungültige oder doppelte Artikelnummer.\",\"data\":{\"status\":400,\"resource_id\":694,\"unique_sku\":\"1280010732-1\"}},\"endpoint\":\"products/6386/variations\",\"name\":\"WooCommerceApiError\"}",
  "Error creating Variation",
  "{\"statusCode\":400,\"response\":{\"code\":\"product_invalid_sku\",\"message\":\"Ungültige oder doppelte Artikelnummer.\",\"data\":{\"status\":400,\"resource_id\":695,\"unique_sku\":\"1280010733-1\"}},\"endpoint\":\"products/6386/variations\",\"name\":\"WooCommerceApiError\"}",
  "Error creating Variation",
  "{\"statusCode\":400,\"response\":{\"code\":\"product_invalid_sku\",\"message\":\"Ungültige oder doppelte Artikelnummer.\",\"data\":{\"status\":400,\"resource_id\":696,\"unique_sku\":\"1280010734-1\"}},\"endpoint\":\"products/6386/variations\",\"name\":\"WooCommerceApiError\"}",
  "Error creating Variation",
  "{\"statusCode\":400,\"response\":{\"code\":\"product_invalid_sku\",\"message\":\"Ungültige oder doppelte Artikelnummer.\",\"data\":{\"status\":400,\"resource_id\":735,\"unique_sku\":\"1280013011-1\"}},\"endpoint\":\"products/6489/variations\",\"name\":\"WooCommerceApiError\"}",
  "Error creating Variation",
  "{\"statusCode\":400,\"response\":{\"code\":\"product_invalid_sku\",\"message\":\"Ungültige oder doppelte Artikelnummer.\",\"data\":{\"status\":400,\"resource_id\":736,\"unique_sku\":\"1280013012-1\"}},\"endpoint\":\"products/6489/variations\",\"name\":\"WooCommerceApiError\"}",
  "Error creating Variation",
  "{\"statusCode\":400,\"response\":{\"code\":\"product_invalid_sku\",\"message\":\"Ungültige oder doppelte Artikelnummer.\",\"data\":{\"status\":400,\"resource_id\":737,\"unique_sku\":\"1280013013-1\"}},\"endpoint\":\"products/6489/variations\",\"name\":\"WooCommerceApiError\"}",
  "Error creating Variation",
  "{\"statusCode\":400,\"response\":{\"code\":\"product_invalid_sku\",\"message\":\"Ungültige oder doppelte Artikelnummer.\",\"data\":{\"status\":400,\"resource_id\":738,\"unique_sku\":\"1280013014-1\"}},\"endpoint\":\"products/6489/variations\",\"name\":\"WooCommerceApiError\"}",
  "Error creating Variation",
  "{\"statusCode\":400,\"response\":{\"code\":\"product_invalid_sku\",\"message\":\"Ungültige oder doppelte Artikelnummer.\",\"data\":{\"status\":400,\"resource_id\":754,\"unique_sku\":\"1280013051-1\"}},\"endpoint\":\"products/6503/variations\",\"name\":\"WooCommerceApiError\"}",
  "Error creating Variation",
  "{\"statusCode\":400,\"response\":{\"code\":\"product_invalid_sku\",\"message\":\"Ungültige oder doppelte Artikelnummer.\",\"data\":{\"status\":400,\"resource_id\":755,\"unique_sku\":\"1280013052-1\"}},\"endpoint\":\"products/6503/variations\",\"name\":\"WooCommerceApiError\"}",
  "Error creating Variation",
  "{\"statusCode\":400,\"response\":{\"code\":\"product_invalid_sku\",\"message\":\"Ungültige oder doppelte Artikelnummer.\",\"data\":{\"status\":400,\"resource_id\":756,\"unique_sku\":\"1280013053-1\"}},\"endpoint\":\"products/6503/variations\",\"name\":\"WooCommerceApiError\"}",
  "Error creating Variation",
  "{\"statusCode\":400,\"response\":{\"code\":\"product_invalid_sku\",\"message\":\"Ungültige oder doppelte Artikelnummer.\",\"data\":{\"status\":400,\"resource_id\":757,\"unique_sku\":\"1280013054-1\"}},\"endpoint\":\"products/6503/variations\",\"name\":\"WooCommerceApiError\"}",
  "Error creating Variation",
  "{\"statusCode\":400,\"response\":{\"code\":\"product_invalid_sku\",\"message\":\"Ungültige oder doppelte Artikelnummer.\",\"data\":{\"status\":400,\"resource_id\":745,\"unique_sku\":\"1280015151-1\"}},\"endpoint\":\"products/6572/variations\",\"name\":\"WooCommerceApiError\"}",
  "Error creating Variation",
  "{\"statusCode\":400,\"response\":{\"code\":\"product_invalid_sku\",\"message\":\"Ungültige oder doppelte Artikelnummer.\",\"data\":{\"status\":400,\"resource_id\":746,\"unique_sku\":\"1280015152-1\"}},\"endpoint\":\"products/6572/variations\",\"name\":\"WooCommerceApiError\"}",
  "Error creating Variation",
  "{\"statusCode\":400,\"response\":{\"code\":\"product_invalid_sku\",\"message\":\"Ungültige oder doppelte Artikelnummer.\",\"data\":{\"status\":400,\"resource_id\":747,\"unique_sku\":\"1280015153-1\"}},\"endpoint\":\"products/6572/variations\",\"name\":\"WooCommerceApiError\"}",
  "Error creating Variation",
  "{\"statusCode\":400,\"response\":{\"code\":\"product_invalid_sku\",\"message\":\"Ungültige oder doppelte Artikelnummer.\",\"data\":{\"status\":400,\"resource_id\":505,\"unique_sku\":\"1280020041-1\"}},\"endpoint\":\"products/6599/variations\",\"name\":\"WooCommerceApiError\"}",
  "Error creating Variation",
  "{\"statusCode\":400,\"response\":{\"code\":\"product_invalid_sku\",\"message\":\"Ungültige oder doppelte Artikelnummer.\",\"data\":{\"status\":400,\"resource_id\":506,\"unique_sku\":\"1280020042-1\"}},\"endpoint\":\"products/6599/variations\",\"name\":\"WooCommerceApiError\"}",
  "Error creating Variation",
  "{\"statusCode\":400,\"response\":{\"code\":\"product_invalid_sku\",\"message\":\"Ungültige oder doppelte Artikelnummer.\",\"data\":{\"status\":400,\"resource_id\":507,\"unique_sku\":\"1280020043-1\"}},\"endpoint\":\"products/6599/variations\",\"name\":\"WooCommerceApiError\"}",
  "Error creating Variation",
  "{\"statusCode\":400,\"response\":{\"code\":\"product_invalid_sku\",\"message\":\"Ungültige oder doppelte Artikelnummer.\",\"data\":{\"status\":400,\"resource_id\":508,\"unique_sku\":\"1280020044-1\"}},\"endpoint\":\"products/6599/variations\",\"name\":\"WooCommerceApiError\"}",
  "Error creating Variation",
  "{\"statusCode\":400,\"response\":{\"code\":\"product_invalid_sku\",\"message\":\"Ungültige oder doppelte Artikelnummer.\",\"data\":{\"status\":400,\"resource_id\":509,\"unique_sku\":\"1280020045-1\"}},\"endpoint\":\"products/6599/variations\",\"name\":\"WooCommerceApiError\"}",
  "Error creating Variation",
  "{\"statusCode\":400,\"response\":{\"code\":\"product_invalid_sku\",\"message\":\"Ungültige oder doppelte Artikelnummer.\",\"data\":{\"status\":400,\"resource_id\":514,\"unique_sku\":\"1280020151-1\"}},\"endpoint\":\"products/6626/variations\",\"name\":\"WooCommerceApiError\"}",
  "Error creating Variation",
  "{\"statusCode\":400,\"response\":{\"code\":\"product_invalid_sku\",\"message\":\"Ungültige oder doppelte Artikelnummer.\",\"data\":{\"status\":400,\"resource_id\":515,\"unique_sku\":\"1280020152-1\"}},\"endpoint\":\"products/6626/variations\",\"name\":\"WooCommerceApiError\"}",
  "Error creating Variation",
  "{\"statusCode\":400,\"response\":{\"code\":\"product_invalid_sku\",\"message\":\"Ungültige oder doppelte Artikelnummer.\",\"data\":{\"status\":400,\"resource_id\":516,\"unique_sku\":\"1280020153-1\"}},\"endpoint\":\"products/6626/variations\",\"name\":\"WooCommerceApiError\"}",
  "Error creating Variation",
  "{\"statusCode\":400,\"response\":{\"code\":\"product_invalid_sku\",\"message\":\"Ungültige oder doppelte Artikelnummer.\",\"data\":{\"status\":400,\"resource_id\":517,\"unique_sku\":\"1280020154-1\"}},\"endpoint\":\"products/6626/variations\",\"name\":\"WooCommerceApiError\"}",
  "Error creating Variation",
  "{\"statusCode\":400,\"response\":{\"code\":\"product_invalid_sku\",\"message\":\"Ungültige oder doppelte Artikelnummer.\",\"data\":{\"status\":400,\"resource_id\":518,\"unique_sku\":\"1280020155-1\"}},\"endpoint\":\"products/6626/variations\",\"name\":\"WooCommerceApiError\"}",
  "Error creating Variation",
  "{\"statusCode\":400,\"response\":{\"code\":\"product_invalid_sku\",\"message\":\"Ungültige oder doppelte Artikelnummer.\",\"data\":{\"status\":400,\"resource_id\":466,\"unique_sku\":\"1280020261-1\"}},\"endpoint\":\"products/6654/variations\",\"name\":\"WooCommerceApiError\"}",
  "Error creating Variation",
  "{\"statusCode\":400,\"response\":{\"code\":\"product_invalid_sku\",\"message\":\"Ungültige oder doppelte Artikelnummer.\",\"data\":{\"status\":400,\"resource_id\":467,\"unique_sku\":\"1280020262-1\"}},\"endpoint\":\"products/6654/variations\",\"name\":\"WooCommerceApiError\"}",
  "Error creating Variation",
  "{\"statusCode\":400,\"response\":{\"code\":\"product_invalid_sku\",\"message\":\"Ungültige oder doppelte Artikelnummer.\",\"data\":{\"status\":400,\"resource_id\":468,\"unique_sku\":\"1280020263-1\"}},\"endpoint\":\"products/6654/variations\",\"name\":\"WooCommerceApiError\"}",
  "Error creating Variation",
  "{\"statusCode\":400,\"response\":{\"code\":\"product_invalid_sku\",\"message\":\"Ungültige oder doppelte Artikelnummer.\",\"data\":{\"status\":400,\"resource_id\":469,\"unique_sku\":\"1280020264-1\"}},\"endpoint\":\"products/6654/variations\",\"name\":\"WooCommerceApiError\"}",
  "Error creating Variation",
  "{\"statusCode\":400,\"response\":{\"code\":\"product_invalid_sku\",\"message\":\"Ungültige oder doppelte Artikelnummer.\",\"data\":{\"status\":400,\"resource_id\":470,\"unique_sku\":\"1280020265-1\"}},\"endpoint\":\"products/6654/variations\",\"name\":\"WooCommerceApiError\"}",
  "Error creating Variation",
  "{\"statusCode\":400,\"response\":{\"code\":\"product_invalid_sku\",\"message\":\"Ungültige oder doppelte Artikelnummer.\",\"data\":{\"status\":400,\"resource_id\":528,\"unique_sku\":\"1280022351-1\"}},\"endpoint\":\"products/6992/variations\",\"name\":\"WooCommerceApiError\"}",
  "Error creating Variation",
  "{\"statusCode\":400,\"response\":{\"code\":\"product_invalid_sku\",\"message\":\"Ungültige oder doppelte Artikelnummer.\",\"data\":{\"status\":400,\"resource_id\":529,\"unique_sku\":\"1280022352-1\"}},\"endpoint\":\"products/6992/variations\",\"name\":\"WooCommerceApiError\"}",
  "Error creating Variation",
  "{\"statusCode\":400,\"response\":{\"code\":\"product_invalid_sku\",\"message\":\"Ungültige oder doppelte Artikelnummer.\",\"data\":{\"status\":400,\"resource_id\":530,\"unique_sku\":\"1280022353-1\"}},\"endpoint\":\"products/6992/variations\",\"name\":\"WooCommerceApiError\"}",
  "Error creating Variation",
  "{\"statusCode\":400,\"response\":{\"code\":\"product_invalid_sku\",\"message\":\"Ungültige oder doppelte Artikelnummer.\",\"data\":{\"status\":400,\"resource_id\":531,\"unique_sku\":\"1280022354-1\"}},\"endpoint\":\"products/6992/variations\",\"name\":\"WooCommerceApiError\"}",
  "Error creating Variation",
  "{\"statusCode\":400,\"response\":{\"code\":\"product_invalid_sku\",\"message\":\"Ungültige oder doppelte Artikelnummer.\",\"data\":{\"status\":400,\"resource_id\":532,\"unique_sku\":\"1280022355-1\"}},\"endpoint\":\"products/6992/variations\",\"name\":\"WooCommerceApiError\"}",
  "Error creating Variation",
  "{\"statusCode\":400,\"response\":{\"code\":\"product_invalid_sku\",\"message\":\"Ungültige oder doppelte Artikelnummer.\",\"data\":{\"status\":400,\"resource_id\":493,\"unique_sku\":\"1280022861-1\"}},\"endpoint\":\"products/7083/variations\",\"name\":\"WooCommerceApiError\"}",
  "Error creating Variation",
  "{\"statusCode\":400,\"response\":{\"code\":\"product_invalid_sku\",\"message\":\"Ungültige oder doppelte Artikelnummer.\",\"data\":{\"status\":400,\"resource_id\":494,\"unique_sku\":\"1280022862-1\"}},\"endpoint\":\"products/7083/variations\",\"name\":\"WooCommerceApiError\"}",
  "Error creating Variation",
  "{\"statusCode\":400,\"response\":{\"code\":\"product_invalid_sku\",\"message\":\"Ungültige oder doppelte Artikelnummer.\",\"data\":{\"status\":400,\"resource_id\":495,\"unique_sku\":\"1280022863-1\"}},\"endpoint\":\"products/7083/variations\",\"name\":\"WooCommerceApiError\"}",
  "Error creating Variation",
  "{\"statusCode\":400,\"response\":{\"code\":\"product_invalid_sku\",\"message\":\"Ungültige oder doppelte Artikelnummer.\",\"data\":{\"status\":400,\"resource_id\":496,\"unique_sku\":\"1280022864-1\"}},\"endpoint\":\"products/7083/variations\",\"name\":\"WooCommerceApiError\"}",
  "Error creating Variation",
  "{\"statusCode\":400,\"response\":{\"code\":\"product_invalid_sku\",\"message\":\"Ungültige oder doppelte Artikelnummer.\",\"data\":{\"status\":400,\"resource_id\":497,\"unique_sku\":\"1280022865-1\"}},\"endpoint\":\"products/7083/variations\",\"name\":\"WooCommerceApiError\"}",
  "Error creating Variation",
  "{\"statusCode\":400,\"response\":{\"code\":\"product_invalid_sku\",\"message\":\"Ungültige oder doppelte Artikelnummer.\",\"data\":{\"status\":400,\"resource_id\":479,\"unique_sku\":\"1280022911-1\"}},\"endpoint\":\"products/7090/variations\",\"name\":\"WooCommerceApiError\"}",
  "Error creating Variation",
  "{\"statusCode\":400,\"response\":{\"code\":\"product_invalid_sku\",\"message\":\"Ungültige oder doppelte Artikelnummer.\",\"data\":{\"status\":400,\"resource_id\":480,\"unique_sku\":\"1280022912-1\"}},\"endpoint\":\"products/7090/variations\",\"name\":\"WooCommerceApiError\"}",
  "Error creating Variation",
  "{\"statusCode\":400,\"response\":{\"code\":\"product_invalid_sku\",\"message\":\"Ungültige oder doppelte Artikelnummer.\",\"data\":{\"status\":400,\"resource_id\":481,\"unique_sku\":\"1280022913-1\"}},\"endpoint\":\"products/7090/variations\",\"name\":\"WooCommerceApiError\"}",
  "Error creating Variation",
  "{\"statusCode\":400,\"response\":{\"code\":\"product_invalid_sku\",\"message\":\"Ungültige oder doppelte Artikelnummer.\",\"data\":{\"status\":400,\"resource_id\":482,\"unique_sku\":\"1280022914-1\"}},\"endpoint\":\"products/7090/variations\",\"name\":\"WooCommerceApiError\"}",
  "Error creating Variation",
  "{\"statusCode\":400,\"response\":{\"code\":\"product_invalid_sku\",\"message\":\"Ungültige oder doppelte Artikelnummer.\",\"data\":{\"status\":400,\"resource_id\":483,\"unique_sku\":\"1280022915-1\"}},\"endpoint\":\"products/7090/variations\",\"name\":\"WooCommerceApiError\"}",
  "Error creating Variation",
  "{\"statusCode\":400,\"response\":{\"code\":\"product_invalid_sku\",\"message\":\"Ungültige oder doppelte Artikelnummer.\",\"data\":{\"status\":400,\"resource_id\":388,\"unique_sku\":\"1280022921-1\"}},\"endpoint\":\"products/7097/variations\",\"name\":\"WooCommerceApiError\"}",
  "Error creating Variation",
  "{\"statusCode\":400,\"response\":{\"code\":\"product_invalid_sku\",\"message\":\"Ungültige oder doppelte Artikelnummer.\",\"data\":{\"status\":400,\"resource_id\":389,\"unique_sku\":\"1280022922-1\"}},\"endpoint\":\"products/7097/variations\",\"name\":\"WooCommerceApiError\"}",
  "Error creating Variation",
  "{\"statusCode\":400,\"response\":{\"code\":\"product_invalid_sku\",\"message\":\"Ungültige oder doppelte Artikelnummer.\",\"data\":{\"status\":400,\"resource_id\":390,\"unique_sku\":\"1280022923-1\"}},\"endpoint\":\"products/7097/variations\",\"name\":\"WooCommerceApiError\"}",
  "Error creating Variation",
  "{\"statusCode\":400,\"response\":{\"code\":\"product_invalid_sku\",\"message\":\"Ungültige oder doppelte Artikelnummer.\",\"data\":{\"status\":400,\"resource_id\":391,\"unique_sku\":\"1280022924-1\"}},\"endpoint\":\"products/7097/variations\",\"name\":\"WooCommerceApiError\"}",
  "Error creating Variation",
  "{\"statusCode\":400,\"response\":{\"code\":\"product_invalid_sku\",\"message\":\"Ungültige oder doppelte Artikelnummer.\",\"data\":{\"status\":400,\"resource_id\":392,\"unique_sku\":\"1280022925-1\"}},\"endpoint\":\"products/7097/variations\",\"name\":\"WooCommerceApiError\"}",
  "Error creating Variation",
  "{\"statusCode\":400,\"response\":{\"code\":\"product_invalid_sku\",\"message\":\"Ungültige oder doppelte Artikelnummer.\",\"data\":{\"status\":400,\"resource_id\":441,\"unique_sku\":\"1280023331-1\"}},\"endpoint\":\"products/7174/variations\",\"name\":\"WooCommerceApiError\"}",
  "Error creating Variation",
  "{\"statusCode\":400,\"response\":{\"code\":\"product_invalid_sku\",\"message\":\"Ungültige oder doppelte Artikelnummer.\",\"data\":{\"status\":400,\"resource_id\":442,\"unique_sku\":\"1280023332-1\"}},\"endpoint\":\"products/7174/variations\",\"name\":\"WooCommerceApiError\"}",
  "Error creating Variation",
  "{\"statusCode\":400,\"response\":{\"code\":\"product_invalid_sku\",\"message\":\"Ungültige oder doppelte Artikelnummer.\",\"data\":{\"status\":400,\"resource_id\":443,\"unique_sku\":\"1280023333-1\"}},\"endpoint\":\"products/7174/variations\",\"name\":\"WooCommerceApiError\"}",
  "Error creating Variation",
  "{\"statusCode\":400,\"response\":{\"code\":\"product_invalid_sku\",\"message\":\"Ungültige oder doppelte Artikelnummer.\",\"data\":{\"status\":400,\"resource_id\":444,\"unique_sku\":\"1280023334-1\"}},\"endpoint\":\"products/7174/variations\",\"name\":\"WooCommerceApiError\"}",
  "Error creating Variation",
  "{\"statusCode\":400,\"response\":{\"code\":\"product_invalid_sku\",\"message\":\"Ungültige oder doppelte Artikelnummer.\",\"data\":{\"status\":400,\"resource_id\":445,\"unique_sku\":\"1280023335-1\"}},\"endpoint\":\"products/7174/variations\",\"name\":\"WooCommerceApiError\"}",
  "Error creating Variation",
  "{\"statusCode\":400,\"response\":{\"code\":\"product_invalid_sku\",\"message\":\"Ungültige oder doppelte Artikelnummer.\",\"data\":{\"status\":400,\"resource_id\":417,\"unique_sku\":\"1280023761-1\"}},\"endpoint\":\"products/7257/variations\",\"name\":\"WooCommerceApiError\"}",
  "Error creating Variation",
  "{\"statusCode\":400,\"response\":{\"code\":\"product_invalid_sku\",\"message\":\"Ungültige oder doppelte Artikelnummer.\",\"data\":{\"status\":400,\"resource_id\":418,\"unique_sku\":\"1280023762-1\"}},\"endpoint\":\"products/7257/variations\",\"name\":\"WooCommerceApiError\"}",
  "Error creating Variation",
  "{\"statusCode\":400,\"response\":{\"code\":\"product_invalid_sku\",\"message\":\"Ungültige oder doppelte Artikelnummer.\",\"data\":{\"status\":400,\"resource_id\":419,\"unique_sku\":\"1280023763-1\"}},\"endpoint\":\"products/7257/variations\",\"name\":\"WooCommerceApiError\"}",
  "Error creating Variation",
  "{\"statusCode\":400,\"response\":{\"code\":\"product_invalid_sku\",\"message\":\"Ungültige oder doppelte Artikelnummer.\",\"data\":{\"status\":400,\"resource_id\":420,\"unique_sku\":\"1280023764-1\"}},\"endpoint\":\"products/7257/variations\",\"name\":\"WooCommerceApiError\"}",
  "Error creating Variation",
  "{\"statusCode\":400,\"response\":{\"code\":\"product_invalid_sku\",\"message\":\"Ungültige oder doppelte Artikelnummer.\",\"data\":{\"status\":400,\"resource_id\":421,\"unique_sku\":\"1280023765-1\"}},\"endpoint\":\"products/7257/variations\",\"name\":\"WooCommerceApiError\"}",
  "Error creating Variation",
  "{\"statusCode\":400,\"response\":{\"code\":\"product_invalid_sku\",\"message\":\"Ungültige oder doppelte Artikelnummer.\",\"data\":{\"status\":400,\"resource_id\":422,\"unique_sku\":\"1280023766-1\"}},\"endpoint\":\"products/7257/variations\",\"name\":\"WooCommerceApiError\"}",
  "Error creating Variation",
  "{\"statusCode\":400,\"response\":{\"code\":\"product_invalid_sku\",\"message\":\"Ungültige oder doppelte Artikelnummer.\",\"data\":{\"status\":400,\"resource_id\":401,\"unique_sku\":\"1280024151-1\"}},\"endpoint\":\"products/7294/variations\",\"name\":\"WooCommerceApiError\"}",
  "Error creating Variation",
  "{\"statusCode\":400,\"response\":{\"code\":\"product_invalid_sku\",\"message\":\"Ungültige oder doppelte Artikelnummer.\",\"data\":{\"status\":400,\"resource_id\":402,\"unique_sku\":\"1280024152-1\"}},\"endpoint\":\"products/7294/variations\",\"name\":\"WooCommerceApiError\"}",
  "Error creating Variation",
  "{\"statusCode\":400,\"response\":{\"code\":\"product_invalid_sku\",\"message\":\"Ungültige oder doppelte Artikelnummer.\",\"data\":{\"status\":400,\"resource_id\":403,\"unique_sku\":\"1280024153-1\"}},\"endpoint\":\"products/7294/variations\",\"name\":\"WooCommerceApiError\"}",
  "Error creating Variation",
  "{\"statusCode\":400,\"response\":{\"code\":\"product_invalid_sku\",\"message\":\"Ungültige oder doppelte Artikelnummer.\",\"data\":{\"status\":400,\"resource_id\":404,\"unique_sku\":\"1280024154-1\"}},\"endpoint\":\"products/7294/variations\",\"name\":\"WooCommerceApiError\"}",
  "Error creating Variation",
  "{\"statusCode\":400,\"response\":{\"code\":\"product_invalid_sku\",\"message\":\"Ungültige oder doppelte Artikelnummer.\",\"data\":{\"status\":400,\"resource_id\":405,\"unique_sku\":\"1280024155-1\"}},\"endpoint\":\"products/7294/variations\",\"name\":\"WooCommerceApiError\"}",
  "Error creating Variation",
  "{\"statusCode\":400,\"response\":{\"code\":\"product_invalid_sku\",\"message\":\"Ungültige oder doppelte Artikelnummer.\",\"data\":{\"status\":400,\"resource_id\":1019,\"unique_sku\":\"1601066101-1\"}},\"endpoint\":\"products/9232/variations\",\"name\":\"WooCommerceApiError\"}",
  "Error creating Variation",
  "{\"statusCode\":400,\"response\":{\"code\":\"product_invalid_sku\",\"message\":\"Ungültige oder doppelte Artikelnummer.\",\"data\":{\"status\":400,\"resource_id\":1020,\"unique_sku\":\"1601066102-1\"}},\"endpoint\":\"products/9232/variations\",\"name\":\"WooCommerceApiError\"}",
  "Error creating Variation",
  "{\"statusCode\":400,\"response\":{\"code\":\"product_invalid_sku\",\"message\":\"Ungültige oder doppelte Artikelnummer.\",\"data\":{\"status\":400,\"resource_id\":1021,\"unique_sku\":\"1601066103-1\"}},\"endpoint\":\"products/9232/variations\",\"name\":\"WooCommerceApiError\"}",
  "Error creating Variation",
  "{\"statusCode\":400,\"response\":{\"code\":\"product_invalid_sku\",\"message\":\"Ungültige oder doppelte Artikelnummer.\",\"data\":{\"status\":400,\"resource_id\":1696,\"unique_sku\":\"0501011223-1\"}},\"endpoint\":\"products/4832/variations\",\"name\":\"WooCommerceApiError\"}",
  "Error creating Variation",
  "{\"statusCode\":400,\"response\":{\"code\":\"product_invalid_sku\",\"message\":\"Ungültige oder doppelte Artikelnummer.\",\"data\":{\"status\":400,\"resource_id\":1697,\"unique_sku\":\"0501011224-1\"}},\"endpoint\":\"products/4832/variations\",\"name\":\"WooCommerceApiError\"}",
  "Error creating Variation",
  "{\"statusCode\":400,\"response\":{\"code\":\"product_invalid_sku\",\"message\":\"Ungültige oder doppelte Artikelnummer.\",\"data\":{\"status\":400,\"resource_id\":1698,\"unique_sku\":\"0501011225-1\"}},\"endpoint\":\"products/4832/variations\",\"name\":\"WooCommerceApiError\"}",
  "Error creating Variation",
  "{\"statusCode\":400,\"response\":{\"code\":\"product_invalid_sku\",\"message\":\"Ungültige oder doppelte Artikelnummer.\",\"data\":{\"status\":400,\"resource_id\":1686,\"unique_sku\":\"0501011281-1\"}},\"endpoint\":\"products/4835/variations\",\"name\":\"WooCommerceApiError\"}",
  "Error creating Variation",
  "{\"statusCode\":400,\"response\":{\"code\":\"product_invalid_sku\",\"message\":\"Ungültige oder doppelte Artikelnummer.\",\"data\":{\"status\":400,\"resource_id\":1687,\"unique_sku\":\"0501011282-1\"}},\"endpoint\":\"products/4835/variations\",\"name\":\"WooCommerceApiError\"}",
  "Error creating Variation",
  "{\"statusCode\":400,\"response\":{\"code\":\"product_invalid_sku\",\"message\":\"Ungültige oder doppelte Artikelnummer.\",\"data\":{\"status\":400,\"resource_id\":1688,\"unique_sku\":\"0501011283-1\"}},\"endpoint\":\"products/4835/variations\",\"name\":\"WooCommerceApiError\"}",
  "Error creating Variation",
  "{\"statusCode\":400,\"response\":{\"code\":\"product_invalid_sku\",\"message\":\"Ungültige oder doppelte Artikelnummer.\",\"data\":{\"status\":400,\"resource_id\":1569,\"unique_sku\":\"0616510110-1\"}},\"endpoint\":\"products/4865/variations\",\"name\":\"WooCommerceApiError\"}",
  "Error creating Variation",
  "{\"statusCode\":400,\"response\":{\"code\":\"product_invalid_sku\",\"message\":\"Ungültige oder doppelte Artikelnummer.\",\"data\":{\"status\":400,\"resource_id\":1568,\"unique_sku\":\"0616510800-1\"}},\"endpoint\":\"products/4865/variations\",\"name\":\"WooCommerceApiError\"}",
  "Error creating Variation",
  "{\"statusCode\":400,\"response\":{\"code\":\"product_invalid_sku\",\"message\":\"Ungültige oder doppelte Artikelnummer.\",\"data\":{\"status\":400,\"resource_id\":1570,\"unique_sku\":\"0616510900-1\"}},\"endpoint\":\"products/4865/variations\",\"name\":\"WooCommerceApiError\"}",
  "Error creating Variation",
  "{\"statusCode\":400,\"response\":{\"code\":\"product_invalid_sku\",\"message\":\"Ungültige oder doppelte Artikelnummer.\",\"data\":{\"status\":400,\"resource_id\":3790,\"unique_sku\":\"6896013054-1\"}},\"endpoint\":\"products/12220/variations\",\"name\":\"WooCommerceApiError\"}",
  "Error creating Variation",
  "{\"statusCode\":400,\"response\":{\"code\":\"product_invalid_sku\",\"message\":\"Ungültige oder doppelte Artikelnummer.\",\"data\":{\"status\":400,\"resource_id\":963,\"unique_sku\":\"BM-LP-74-L-XL-1\"}},\"endpoint\":\"products/12655/variations\",\"name\":\"WooCommerceApiError\"}",
  "Error creating Variation",
  "{\"statusCode\":400,\"response\":{\"code\":\"product_invalid_sku\",\"message\":\"Ungültige oder doppelte Artikelnummer.\",\"data\":{\"status\":400,\"resource_id\":962,\"unique_sku\":\"BM-LP-74-S-M-1\"}},\"endpoint\":\"products/12655/variations\",\"name\":\"WooCommerceApiError\"}",
  "Error creating Variation",
  "{\"statusCode\":400,\"response\":{\"code\":\"product_invalid_sku\",\"message\":\"Ungültige oder doppelte Artikelnummer.\",\"data\":{\"status\":400,\"resource_id\":964,\"unique_sku\":\"BM-LP-74-XXL-1\"}},\"endpoint\":\"products/12655/variations\",\"name\":\"WooCommerceApiError\"}",
  "Error creating Variation",
  "{\"statusCode\":400,\"response\":{\"code\":\"product_invalid_sku\",\"message\":\"Ungültige oder doppelte Artikelnummer.\",\"data\":{\"status\":400,\"resource_id\":181,\"unique_sku\":\"BMSB-HG-L-1\"}},\"endpoint\":\"products/12729/variations\",\"name\":\"WooCommerceApiError\"}",
  "Error creating Variation",
  "{\"statusCode\":400,\"response\":{\"code\":\"product_invalid_sku\",\"message\":\"Ungültige oder doppelte Artikelnummer.\",\"data\":{\"status\":400,\"resource_id\":180,\"unique_sku\":\"BMSB-HG-M-1\"}},\"endpoint\":\"products/12729/variations\",\"name\":\"WooCommerceApiError\"}",
  "Error creating Variation",
  "{\"statusCode\":400,\"response\":{\"code\":\"product_invalid_sku\",\"message\":\"Ungültige oder doppelte Artikelnummer.\",\"data\":{\"status\":400,\"resource_id\":182,\"unique_sku\":\"BMSB-HG-XL-1\"}},\"endpoint\":\"products/12729/variations\",\"name\":\"WooCommerceApiError\"}",
  "Error creating Variation",
  "{\"statusCode\":400,\"response\":{\"code\":\"product_invalid_sku\",\"message\":\"Ungültige oder doppelte Artikelnummer.\",\"data\":{\"status\":400,\"resource_id\":257,\"unique_sku\":\"IF-200210MLX-1\"}},\"endpoint\":\"products/13865/variations\",\"name\":\"WooCommerceApiError\"}",
  "Error creating Variation",
  "{\"statusCode\":400,\"response\":{\"code\":\"product_invalid_sku\",\"message\":\"Ungültige oder doppelte Artikelnummer.\",\"data\":{\"status\":400,\"resource_id\":258,\"unique_sku\":\"IF-200210S-1\"}},\"endpoint\":\"products/13865/variations\",\"name\":\"WooCommerceApiError\"}",
  "Error creating Variation",
  "{\"statusCode\":400,\"response\":{\"code\":\"product_invalid_sku\",\"message\":\"Ungültige oder doppelte Artikelnummer.\",\"data\":{\"status\":400,\"resource_id\":851,\"unique_sku\":\"ULF-CL-04N-L-1\"}},\"endpoint\":\"products/15002/variations\",\"name\":\"WooCommerceApiError\"}",
  "Error creating Variation",
  "{\"statusCode\":400,\"response\":{\"code\":\"product_invalid_sku\",\"message\":\"Ungültige oder doppelte Artikelnummer.\",\"data\":{\"status\":400,\"resource_id\":849,\"unique_sku\":\"ULF-CL-04N-S-1\"}},\"endpoint\":\"products/15002/variations\",\"name\":\"WooCommerceApiError\"}",
  "Error creating Variation",
  "{\"statusCode\":400,\"response\":{\"code\":\"product_invalid_sku\",\"message\":\"Ungültige oder doppelte Artikelnummer.\",\"data\":{\"status\":400,\"resource_id\":852,\"unique_sku\":\"ULF-CL-04N-XL-1\"}},\"endpoint\":\"products/15002/variations\",\"name\":\"WooCommerceApiError\"}",
  "Error creating Variation",
  "{\"statusCode\":400,\"response\":{\"code\":\"product_invalid_sku\",\"message\":\"Ungültige oder doppelte Artikelnummer.\",\"data\":{\"status\":400,\"resource_id\":853,\"unique_sku\":\"ULF-CL-04N-XXL-1\"}},\"endpoint\":\"products/15002/variations\",\"name\":\"WooCommerceApiError\"}",
  "Error creating Variation",
  "{\"statusCode\":400,\"response\":{\"code\":\"product_invalid_sku\",\"message\":\"Ungültige oder doppelte Artikelnummer.\",\"data\":{\"status\":400,\"resource_id\":166,\"unique_sku\":\"ULF-CL-06-N-1\"}},\"endpoint\":\"products/15005/variations\",\"name\":\"WooCommerceApiError\"}",
  "Error creating Variation",
  "{\"statusCode\":400,\"response\":{\"code\":\"product_invalid_sku\",\"message\":\"Ungültige oder doppelte Artikelnummer.\",\"data\":{\"status\":400,\"resource_id\":165,\"unique_sku\":\"ULF-CL-06-W-1\"}},\"endpoint\":\"products/15005/variations\",\"name\":\"WooCommerceApiError\"}",
  "Error creating Variation",
  "{\"statusCode\":400,\"response\":{\"code\":\"product_invalid_sku\",\"message\":\"Ungültige oder doppelte Artikelnummer.\",\"data\":{\"status\":400,\"resource_id\":946,\"unique_sku\":\"ULF-CL-26-BL-L-1\"}},\"endpoint\":\"products/15043/variations\",\"name\":\"WooCommerceApiError\"}",
  "Error creating Variation",
  "{\"statusCode\":400,\"response\":{\"code\":\"product_invalid_sku\",\"message\":\"Ungültige oder doppelte Artikelnummer.\",\"data\":{\"status\":400,\"resource_id\":945,\"unique_sku\":\"ULF-CL-26-BL-M-1\"}},\"endpoint\":\"products/15043/variations\",\"name\":\"WooCommerceApiError\"}",
  "Error creating Variation",
  "{\"statusCode\":400,\"response\":{\"code\":\"product_invalid_sku\",\"message\":\"Ungültige oder doppelte Artikelnummer.\",\"data\":{\"status\":400,\"resource_id\":944,\"unique_sku\":\"ULF-CL-26-BL-S-1\"}},\"endpoint\":\"products/15043/variations\",\"name\":\"WooCommerceApiError\"}",
  "Error creating Variation",
  "{\"statusCode\":400,\"response\":{\"code\":\"product_invalid_sku\",\"message\":\"Ungültige oder doppelte Artikelnummer.\",\"data\":{\"status\":400,\"resource_id\":947,\"unique_sku\":\"ULF-CL-26-BL-XL-1\"}},\"endpoint\":\"products/15043/variations\",\"name\":\"WooCommerceApiError\"}",
  "Error creating Variation",
  "{\"statusCode\":400,\"response\":{\"code\":\"product_invalid_sku\",\"message\":\"Ungültige oder doppelte Artikelnummer.\",\"data\":{\"status\":400,\"resource_id\":948,\"unique_sku\":\"ULF-CL-26-BL-XXL-1\"}},\"endpoint\":\"products/15043/variations\",\"name\":\"WooCommerceApiError\"}",
  "Error creating Variation",
  "{\"statusCode\":400,\"response\":{\"code\":\"product_invalid_sku\",\"message\":\"Ungültige oder doppelte Artikelnummer.\",\"data\":{\"status\":400,\"resource_id\":1319,\"unique_sku\":\"ULF-CL-27-R-L-1\"}},\"endpoint\":\"products/15057/variations\",\"name\":\"WooCommerceApiError\"}",
  "Error creating Variation",
  "{\"statusCode\":400,\"response\":{\"code\":\"product_invalid_sku\",\"message\":\"Ungültige oder doppelte Artikelnummer.\",\"data\":{\"status\":400,\"resource_id\":1318,\"unique_sku\":\"ULF-CL-27-R-M-1\"}},\"endpoint\":\"products/15057/variations\",\"name\":\"WooCommerceApiError\"}",
  "Error creating Variation",
  "{\"statusCode\":400,\"response\":{\"code\":\"product_invalid_sku\",\"message\":\"Ungültige oder doppelte Artikelnummer.\",\"data\":{\"status\":400,\"resource_id\":1317,\"unique_sku\":\"ULF-CL-27-R-S-1\"}},\"endpoint\":\"products/15057/variations\",\"name\":\"WooCommerceApiError\"}",
  "Error creating Variation",
  "{\"statusCode\":400,\"response\":{\"code\":\"product_invalid_sku\",\"message\":\"Ungültige oder doppelte Artikelnummer.\",\"data\":{\"status\":400,\"resource_id\":1320,\"unique_sku\":\"ULF-CL-27-R-XL-1\"}},\"endpoint\":\"products/15057/variations\",\"name\":\"WooCommerceApiError\"}",
  "Error creating Variation",
  "{\"statusCode\":400,\"response\":{\"code\":\"product_invalid_sku\",\"message\":\"Ungültige oder doppelte Artikelnummer.\",\"data\":{\"status\":400,\"resource_id\":1321,\"unique_sku\":\"ULF-CL-27-R-XXL-1\"}},\"endpoint\":\"products/15057/variations\",\"name\":\"WooCommerceApiError\"}",
  "Error creating Variation",
  "{\"statusCode\":400,\"response\":{\"code\":\"product_invalid_sku\",\"message\":\"Ungültige oder doppelte Artikelnummer.\",\"data\":{\"status\":400,\"resource_id\":1271,\"unique_sku\":\"ULF-FW-09-40-1\"}},\"endpoint\":\"products/15709/variations\",\"name\":\"WooCommerceApiError\"}",
  "Error creating Variation",
  "{\"statusCode\":400,\"response\":{\"code\":\"product_invalid_sku\",\"message\":\"Ungültige oder doppelte Artikelnummer.\",\"data\":{\"status\":400,\"resource_id\":1272,\"unique_sku\":\"ULF-FW-09-41-1\"}},\"endpoint\":\"products/15709/variations\",\"name\":\"WooCommerceApiError\"}",
  "Error creating Variation",
  "{\"statusCode\":400,\"response\":{\"code\":\"product_invalid_sku\",\"message\":\"Ungültige oder doppelte Artikelnummer.\",\"data\":{\"status\":400,\"resource_id\":1273,\"unique_sku\":\"ULF-FW-09-42-1\"}},\"endpoint\":\"products/15709/variations\",\"name\":\"WooCommerceApiError\"}",
  "Error creating Variation",
  "{\"statusCode\":400,\"response\":{\"code\":\"product_invalid_sku\",\"message\":\"Ungültige oder doppelte Artikelnummer.\",\"data\":{\"status\":400,\"resource_id\":1274,\"unique_sku\":\"ULF-FW-09-43-1\"}},\"endpoint\":\"products/15709/variations\",\"name\":\"WooCommerceApiError\"}",
  "Error creating Variation",
  "{\"statusCode\":400,\"response\":{\"code\":\"product_invalid_sku\",\"message\":\"Ungültige oder doppelte Artikelnummer.\",\"data\":{\"status\":400,\"resource_id\":1275,\"unique_sku\":\"ULF-FW-09-44-1\"}},\"endpoint\":\"products/15709/variations\",\"name\":\"WooCommerceApiError\"}",
  "Error creating Variation",
  "{\"statusCode\":400,\"response\":{\"code\":\"product_invalid_sku\",\"message\":\"Ungültige oder doppelte Artikelnummer.\",\"data\":{\"status\":400,\"resource_id\":1276,\"unique_sku\":\"ULF-FW-09-45-1\"}},\"endpoint\":\"products/15709/variations\",\"name\":\"WooCommerceApiError\"}",
  "Error creating Variation",
  "{\"statusCode\":400,\"response\":{\"code\":\"product_invalid_sku\",\"message\":\"Ungültige oder doppelte Artikelnummer.\",\"data\":{\"status\":400,\"resource_id\":1277,\"unique_sku\":\"ULF-FW-09-46-1\"}},\"endpoint\":\"products/15709/variations\",\"name\":\"WooCommerceApiError\"}",
  "Error creating Variation",
  "{\"statusCode\":400,\"response\":{\"code\":\"product_invalid_sku\",\"message\":\"Ungültige oder doppelte Artikelnummer.\",\"data\":{\"status\":400,\"resource_id\":1278,\"unique_sku\":\"ULF-FW-09-47-1\"}},\"endpoint\":\"products/15709/variations\",\"name\":\"WooCommerceApiError\"}",
  "Error creating Variation",
  "{\"statusCode\":400,\"response\":{\"code\":\"product_invalid_sku\",\"message\":\"Ungültige oder doppelte Artikelnummer.\",\"data\":{\"status\":400,\"resource_id\":772,\"unique_sku\":\"ULF-FW-19-38-1\"}},\"endpoint\":\"products/15775/variations\",\"name\":\"WooCommerceApiError\"}",
  "Error creating Variation",
  "{\"statusCode\":400,\"response\":{\"code\":\"product_invalid_sku\",\"message\":\"Ungültige oder doppelte Artikelnummer.\",\"data\":{\"status\":400,\"resource_id\":773,\"unique_sku\":\"ULF-FW-19-39-1\"}},\"endpoint\":\"products/15775/variations\",\"name\":\"WooCommerceApiError\"}",
  "Error creating Variation",
  "{\"statusCode\":400,\"response\":{\"code\":\"product_invalid_sku\",\"message\":\"Ungültige oder doppelte Artikelnummer.\",\"data\":{\"status\":400,\"resource_id\":774,\"unique_sku\":\"ULF-FW-19-40-1\"}},\"endpoint\":\"products/15775/variations\",\"name\":\"WooCommerceApiError\"}",
  "Error creating Variation",
  "{\"statusCode\":400,\"response\":{\"code\":\"product_invalid_sku\",\"message\":\"Ungültige oder doppelte Artikelnummer.\",\"data\":{\"status\":400,\"resource_id\":775,\"unique_sku\":\"ULF-FW-19-41-1\"}},\"endpoint\":\"products/15775/variations\",\"name\":\"WooCommerceApiError\"}",
  "Error creating Variation",
  "{\"statusCode\":400,\"response\":{\"code\":\"product_invalid_sku\",\"message\":\"Ungültige oder doppelte Artikelnummer.\",\"data\":{\"status\":400,\"resource_id\":776,\"unique_sku\":\"ULF-FW-19-42-1\"}},\"endpoint\":\"products/15775/variations\",\"name\":\"WooCommerceApiError\"}",
  "Error creating Variation",
  "{\"statusCode\":400,\"response\":{\"code\":\"product_invalid_sku\",\"message\":\"Ungültige oder doppelte Artikelnummer.\",\"data\":{\"status\":400,\"resource_id\":777,\"unique_sku\":\"ULF-FW-19-43-1\"}},\"endpoint\":\"products/15775/variations\",\"name\":\"WooCommerceApiError\"}",
  "Error creating Variation",
  "{\"statusCode\":400,\"response\":{\"code\":\"product_invalid_sku\",\"message\":\"Ungültige oder doppelte Artikelnummer.\",\"data\":{\"status\":400,\"resource_id\":778,\"unique_sku\":\"ULF-FW-19-44-1\"}},\"endpoint\":\"products/15775/variations\",\"name\":\"WooCommerceApiError\"}",
  "Error creating Variation",
  "{\"statusCode\":400,\"response\":{\"code\":\"product_invalid_sku\",\"message\":\"Ungültige oder doppelte Artikelnummer.\",\"data\":{\"status\":400,\"resource_id\":779,\"unique_sku\":\"ULF-FW-19-45-1\"}},\"endpoint\":\"products/15775/variations\",\"name\":\"WooCommerceApiError\"}",
  "Error creating Variation",
  "{\"statusCode\":400,\"response\":{\"code\":\"product_invalid_sku\",\"message\":\"Ungültige oder doppelte Artikelnummer.\",\"data\":{\"status\":400,\"resource_id\":920,\"unique_sku\":\"ULF-HM-08-L-1\"}},\"endpoint\":\"products/15853/variations\",\"name\":\"WooCommerceApiError\"}",
  "Error creating Variation",
  "{\"statusCode\":400,\"response\":{\"code\":\"product_invalid_sku\",\"message\":\"Ungültige oder doppelte Artikelnummer.\",\"data\":{\"status\":400,\"resource_id\":919,\"unique_sku\":\"ULF-HM-08-M-1\"}},\"endpoint\":\"products/15853/variations\",\"name\":\"WooCommerceApiError\"}",
  "Error creating Variation",
  "{\"statusCode\":400,\"response\":{\"code\":\"product_invalid_sku\",\"message\":\"Ungültige oder doppelte Artikelnummer.\",\"data\":{\"status\":400,\"resource_id\":972,\"unique_sku\":\"ULF-HM-36-L-1\"}},\"endpoint\":\"products/15919/variations\",\"name\":\"WooCommerceApiError\"}",
  "Error creating Variation",
  "{\"statusCode\":400,\"response\":{\"code\":\"product_invalid_sku\",\"message\":\"Ungültige oder doppelte Artikelnummer.\",\"data\":{\"status\":400,\"resource_id\":971,\"unique_sku\":\"ULF-HM-36-M-1\"}},\"endpoint\":\"products/15919/variations\",\"name\":\"WooCommerceApiError\"}",
  "Error creating Variation",
  "{\"statusCode\":400,\"response\":{\"code\":\"product_invalid_sku\",\"message\":\"Ungültige oder doppelte Artikelnummer.\",\"data\":{\"status\":400,\"resource_id\":1291,\"unique_sku\":\"ULF-LP-22B-1\"}},\"endpoint\":\"products/16096/variations\",\"name\":\"WooCommerceApiError\"}",
  "Error creating Variation",
  "{\"statusCode\":400,\"response\":{\"code\":\"product_invalid_sku\",\"message\":\"Ungültige oder doppelte Artikelnummer.\",\"data\":{\"status\":400,\"resource_id\":1292,\"unique_sku\":\"ULF-LP-22S-1\"}},\"endpoint\":\"products/16096/variations\",\"name\":\"WooCommerceApiError\"}"
]